Archive member included to satisfy reference by file (symbol)

O:/ST/STM32CubeIDE_2.0.0/STM32CubeIDE/plugins/com.st.stm32cube.ide.mcu.externaltools.gnu-tools-for-stm32.13.3.rel1.win32_1.0.100.202509120712/tools/bin/../lib/gcc/arm-none-eabi/13.3.1/../../../../arm-none-eabi/lib/thumb/v7-m/nofp\libc_nano.a(libc_a-atoi.o)
                              ./Core/Src/sd_functions.o (atoi)
O:/ST/STM32CubeIDE_2.0.0/STM32CubeIDE/plugins/com.st.stm32cube.ide.mcu.externaltools.gnu-tools-for-stm32.13.3.rel1.win32_1.0.100.202509120712/tools/bin/../lib/gcc/arm-none-eabi/13.3.1/../../../../arm-none-eabi/lib/thumb/v7-m/nofp\libc_nano.a(libc_a-exit.o)
                              O:/ST/STM32CubeIDE_2.0.0/STM32CubeIDE/plugins/com.st.stm32cube.ide.mcu.externaltools.gnu-tools-for-stm32.13.3.rel1.win32_1.0.100.202509120712/tools/bin/../lib/gcc/arm-none-eabi/13.3.1/../../../../arm-none-eabi/lib/thumb/v7-m/nofp/crt0.o (exit)
O:/ST/STM32CubeIDE_2.0.0/STM32CubeIDE/plugins/com.st.stm32cube.ide.mcu.externaltools.gnu-tools-for-stm32.13.3.rel1.win32_1.0.100.202509120712/tools/bin/../lib/gcc/arm-none-eabi/13.3.1/../../../../arm-none-eabi/lib/thumb/v7-m/nofp\libc_nano.a(libc_a-strtol.o)
                              O:/ST/STM32CubeIDE_2.0.0/STM32CubeIDE/plugins/com.st.stm32cube.ide.mcu.externaltools.gnu-tools-for-stm32.13.3.rel1.win32_1.0.100.202509120712/tools/bin/../lib/gcc/arm-none-eabi/13.3.1/../../../../arm-none-eabi/lib/thumb/v7-m/nofp\libc_nano.a(libc_a-atoi.o) (_strtol_r)
O:/ST/STM32CubeIDE_2.0.0/STM32CubeIDE/plugins/com.st.stm32cube.ide.mcu.externaltools.gnu-tools-for-stm32.13.3.rel1.win32_1.0.100.202509120712/tools/bin/../lib/gcc/arm-none-eabi/13.3.1/../../../../arm-none-eabi/lib/thumb/v7-m/nofp\libc_nano.a(libc_a-ctype_.o)
                              O:/ST/STM32CubeIDE_2.0.0/STM32CubeIDE/plugins/com.st.stm32cube.ide.mcu.externaltools.gnu-tools-for-stm32.13.3.rel1.win32_1.0.100.202509120712/tools/bin/../lib/gcc/arm-none-eabi/13.3.1/../../../../arm-none-eabi/lib/thumb/v7-m/nofp\libc_nano.a(libc_a-strtol.o) (_ctype_)
O:/ST/STM32CubeIDE_2.0.0/STM32CubeIDE/plugins/com.st.stm32cube.ide.mcu.externaltools.gnu-tools-for-stm32.13.3.rel1.win32_1.0.100.202509120712/tools/bin/../lib/gcc/arm-none-eabi/13.3.1/../../../../arm-none-eabi/lib/thumb/v7-m/nofp\libc_nano.a(libc_a-findfp.o)
                              O:/ST/STM32CubeIDE_2.0.0/STM32CubeIDE/plugins/com.st.stm32cube.ide.mcu.externaltools.gnu-tools-for-stm32.13.3.rel1.win32_1.0.100.202509120712/tools/bin/../lib/gcc/arm-none-eabi/13.3.1/../../../../arm-none-eabi/lib/thumb/v7-m/nofp\libc_nano.a(libc_a-exit.o) (__stdio_exit_handler)
O:/ST/STM32CubeIDE_2.0.0/STM32CubeIDE/plugins/com.st.stm32cube.ide.mcu.externaltools.gnu-tools-for-stm32.13.3.rel1.win32_1.0.100.202509120712/tools/bin/../lib/gcc/arm-none-eabi/13.3.1/../../../../arm-none-eabi/lib/thumb/v7-m/nofp\libc_nano.a(libc_a-fwalk.o)
                              O:/ST/STM32CubeIDE_2.0.0/STM32CubeIDE/plugins/com.st.stm32cube.ide.mcu.externaltools.gnu-tools-for-stm32.13.3.rel1.win32_1.0.100.202509120712/tools/bin/../lib/gcc/arm-none-eabi/13.3.1/../../../../arm-none-eabi/lib/thumb/v7-m/nofp\libc_nano.a(libc_a-findfp.o) (_fwalk_sglue)
O:/ST/STM32CubeIDE_2.0.0/STM32CubeIDE/plugins/com.st.stm32cube.ide.mcu.externaltools.gnu-tools-for-stm32.13.3.rel1.win32_1.0.100.202509120712/tools/bin/../lib/gcc/arm-none-eabi/13.3.1/../../../../arm-none-eabi/lib/thumb/v7-m/nofp\libc_nano.a(libc_a-printf.o)
                              ./Core/Src/sd_benchmark.o (printf)
O:/ST/STM32CubeIDE_2.0.0/STM32CubeIDE/plugins/com.st.stm32cube.ide.mcu.externaltools.gnu-tools-for-stm32.13.3.rel1.win32_1.0.100.202509120712/tools/bin/../lib/gcc/arm-none-eabi/13.3.1/../../../../arm-none-eabi/lib/thumb/v7-m/nofp\libc_nano.a(libc_a-puts.o)
                              ./Core/Src/sd_benchmark.o (puts)
O:/ST/STM32CubeIDE_2.0.0/STM32CubeIDE/plugins/com.st.stm32cube.ide.mcu.externaltools.gnu-tools-for-stm32.13.3.rel1.win32_1.0.100.202509120712/tools/bin/../lib/gcc/arm-none-eabi/13.3.1/../../../../arm-none-eabi/lib/thumb/v7-m/nofp\libc_nano.a(libc_a-snprintf.o)
                              ./Core/Src/sd_functions.o (snprintf)
O:/ST/STM32CubeIDE_2.0.0/STM32CubeIDE/plugins/com.st.stm32cube.ide.mcu.externaltools.gnu-tools-for-stm32.13.3.rel1.win32_1.0.100.202509120712/tools/bin/../lib/gcc/arm-none-eabi/13.3.1/../../../../arm-none-eabi/lib/thumb/v7-m/nofp\libc_nano.a(libc_a-stdio.o)
                              O:/ST/STM32CubeIDE_2.0.0/STM32CubeIDE/plugins/com.st.stm32cube.ide.mcu.externaltools.gnu-tools-for-stm32.13.3.rel1.win32_1.0.100.202509120712/tools/bin/../lib/gcc/arm-none-eabi/13.3.1/../../../../arm-none-eabi/lib/thumb/v7-m/nofp\libc_nano.a(libc_a-findfp.o) (__sread)
O:/ST/STM32CubeIDE_2.0.0/STM32CubeIDE/plugins/com.st.stm32cube.ide.mcu.externaltools.gnu-tools-for-stm32.13.3.rel1.win32_1.0.100.202509120712/tools/bin/../lib/gcc/arm-none-eabi/13.3.1/../../../../arm-none-eabi/lib/thumb/v7-m/nofp\libc_nano.a(libc_a-wbuf.o)
[...]
Memory Configuration

Name             Origin             Length             Attributes
RAM              0x20000000         0x00005000         xrw
FLASH            0x08000000         0x00020000         xr
*default*        0x00000000         0xffffffff

Linker script and memory map

LOAD O:/ST/STM32CubeIDE_2.0.0/STM32CubeIDE/plugins/com.st.stm32cube.ide.mcu.externaltools.gnu-tools-for-stm32.13.3.rel1.win32_1.0.100.202509120712/tools/bin/../lib/gcc/arm-none-eabi/13.3.1/thumb/v7-m/nofp/crti.o
LOAD O:/ST/STM32CubeIDE_2.0.0/STM32CubeIDE/plugins/com.st.stm32cube.ide.mcu.externaltools.gnu-tools-for-stm32.13.3.rel1.win32_1.0.100.202509120712/tools/bin/../lib/gcc/arm-none-eabi/13.3.1/thumb/v7-m/nofp/crtbegin.o
LOAD O:/ST/STM32CubeIDE_2.0.0/STM32CubeIDE/plugins/com.st.stm32cube.ide.mcu.externaltools.gnu-tools-for-stm32.13.3.rel1.win32_1.0.100.202509120712/tools/bin/../lib/gcc/arm-none-eabi/13.3.1/../../../../arm-none-eabi/lib/thumb/v7-m/nofp/crt0.o
LOAD ./Core/Src/main.o
LOAD ./Core/Src/sd_benchmark.o
LOAD ./Core/Src/sd_diskio_spi.o
LOAD ./Core/Src/sd_functions.o
LOAD ./Core/Src/sd_spi.o
LOAD ./Core/Src/stm32f1xx_hal_msp.o
LOAD ./Core/Src/stm32f1xx_it.o
LOAD ./Core/Src/syscalls.o
LOAD ./Core/Src/sysmem.o
LOAD ./Core/Src/system_stm32f1xx.o
LOAD ./Core/Startup/startup_stm32f103rbtx.o
LOAD ./Drivers/STM32F1xx_HAL_Driver/Src/stm32f1xx_hal.o
LOAD ./Drivers/STM32F1xx_HAL_Driver/Src/stm32f1xx_hal_cortex.o
LOAD ./Drivers/STM32F1xx_HAL_Driver/Src/stm32f1xx_hal_dma.o
LOAD ./Drivers/STM32F1xx_HAL_Driver/Src/stm32f1xx_hal_exti.o
LOAD ./Drivers/STM32F1xx_HAL_Driver/Src/stm32f1xx_hal_flash.o
LOAD ./Drivers/STM32F1xx_HAL_Driver/Src/stm32f1xx_hal_flash_ex.o
LOAD ./Drivers/STM32F1xx_HAL_Driver/Src/stm32f1xx_hal_gpio.o
LOAD ./Drivers/STM32F1xx_HAL_Driver/Src/stm32f1xx_hal_gpio_ex.o
LOAD ./Drivers/STM32F1xx_HAL_Driver/Src/stm32f1xx_hal_pwr.o
LOAD ./Drivers/STM32F1xx_HAL_Driver/Src/stm32f1xx_hal_rcc.o
LOAD ./Drivers/STM32F1xx_HAL_Driver/Src/stm32f1xx_hal_rcc_ex.o
LOAD ./Drivers/STM32F1xx_HAL_Driver/Src/stm32f1xx_hal_spi.o
LOAD ./Drivers/STM32F1xx_HAL_Driver/Src/stm32f1xx_hal_uart.o
LOAD ./FATFS/App/fatfs.o
LOAD ./FATFS/Target/user_diskio.o
LOAD ./Middlewares/Third_Party/FatFs/src/diskio.o
LOAD ./Middlewares/Third_Party/FatFs/src/ff.o
LOAD ./Middlewares/Third_Party/FatFs/src/ff_gen_drv.o
LOAD ./Middlewares/Third_Party/FatFs/src/option/ccsbcs.o
LOAD ./Middlewares/Third_Party/FatFs/src/option/syscall.o
START GROUP
LOAD O:/ST/STM32CubeIDE_2.0.0/STM32CubeIDE/plugins/com.st.stm32cube.ide.mcu.externaltools.gnu-tools-for-stm32.13.3.rel1.win32_1.0.100.202509120712/tools/bin/../lib/gcc/arm-none-eabi/13.3.1/../../../../arm-none-eabi/lib/thumb/v7-m/nofp\libc_nano.a
LOAD O:/ST/STM32CubeIDE_2.0.0/STM32CubeIDE/plugins/com.st.stm32cube.ide.mcu.externaltools.gnu-tools-for-stm32.13.3.rel1.win32_1.0.100.202509120712/tools/bin/../lib/gcc/arm-none-eabi/13.3.1/../../../../arm-none-eabi/lib/thumb/v7-m/nofp\libm.a
END GROUP
START GROUP
LOAD O:/ST/STM32CubeIDE_2.0.0/STM32CubeIDE/plugins/com.st.stm32cube.ide.mcu.externaltools.gnu-tools-for-stm32.13.3.rel1.win32_1.0.100.202509120712/tools/bin/../lib/gcc/arm-none-eabi/13.3.1/thumb/v7-m/nofp\libgcc.a
LOAD O:/ST/STM32CubeIDE_2.0.0/STM32CubeIDE/plugins/com.st.stm32cube.ide.mcu.externaltools.gnu-tools-for-stm32.13.3.rel1.win32_1.0.100.202509120712/tools/bin/../lib/gcc/arm-none-eabi/13.3.1/../../../../arm-none-eabi/lib/thumb/v7-m/nofp\libc_nano.a
END GROUP
START GROUP
LOAD O:/ST/STM32CubeIDE_2.0.0/STM32CubeIDE/plugins/com.st.stm32cube.ide.mcu.externaltools.gnu-tools-for-stm32.13.3.rel1.win32_1.0.100.202509120712/tools/bin/../lib/gcc/arm-none-eabi/13.3.1/thumb/v7-m/nofp\libgcc.a
LOAD O:/ST/STM32CubeIDE_2.0.0/STM32CubeIDE/plugins/com.st.stm32cube.ide.mcu.externaltools.gnu-tools-for-stm32.13.3.rel1.win32_1.0.100.202509120712/tools/bin/../lib/gcc/arm-none-eabi/13.3.1/../../../../arm-none-eabi/lib/thumb/v7-m/nofp\libc_nano.a
LOAD O:/ST/STM32CubeIDE_2.0.0/STM32CubeIDE/plugins/com.st.stm32cube.ide.mcu.externaltools.gnu-tools-for-stm32.13.3.rel1.win32_1.0.100.202509120712/tools/bin/../lib/gcc/arm-none-eabi/13.3.1/../../../../arm-none-eabi/lib/thumb/v7-m/nofp\libnosys.a
END GROUP
START GROUP
LOAD O:/ST/STM32CubeIDE_2.0.0/STM32CubeIDE/plugins/com.st.stm32cube.ide.mcu.externaltools.gnu-tools-for-stm32.13.3.rel1.win32_1.0.100.202509120712/tools/bin/../lib/gcc/arm-none-eabi/13.3.1/thumb/v7-m/nofp\libgcc.a
LOAD O:/ST/STM32CubeIDE_2.0.0/STM32CubeIDE/plugins/com.st.stm32cube.ide.mcu.externaltools.gnu-tools-for-stm32.13.3.rel1.win32_1.0.100.202509120712/tools/bin/../lib/gcc/arm-none-eabi/13.3.1/../../../../arm-none-eabi/lib/thumb/v7-m/nofp\libc_nano.a
LOAD O:/ST/STM32CubeIDE_2.0.0/STM32CubeIDE/plugins/com.st.stm32cube.ide.mcu.externaltools.gnu-tools-for-stm32.13.3.rel1.win32_1.0.100.202509120712/tools/bin/../lib/gcc/arm-none-eabi/13.3.1/../../../../arm-none-eabi/lib/thumb/v7-m/nofp\libnosys.a
END GROUP
LOAD O:/ST/STM32CubeIDE_2.0.0/STM32CubeIDE/plugins/com.st.stm32cube.ide.mcu.externaltools.gnu-tools-for-stm32.13.3.rel1.win32_1.0.100.202509120712/tools/bin/../lib/gcc/arm-none-eabi/13.3.1/thumb/v7-m/nofp/crtend.o
LOAD O:/ST/STM32CubeIDE_2.0.0/STM32CubeIDE/plugins/com.st.stm32cube.ide.mcu.externaltools.gnu-tools-for-stm32.13.3.rel1.win32_1.0.100.202509120712/tools/bin/../lib/gcc/arm-none-eabi/13.3.1/thumb/v7-m/nofp/crtn.o
                0x20005000                        _estack = (ORIGIN (RAM) + LENGTH (RAM))
                0x00000200                        _Min_Heap_Size = 0x200
                0x00000400                        _Min_Stack_Size = 0x400

.isr_vector     0x08000000      0x10c
                0x08000000                        . = ALIGN (0x4)
 *(.isr_vector)
 .isr_vector    0x08000000      0x10c ./Core/Startup/startup_stm32f103rbtx.o
                0x08000000                g_pfnVectors
                0x0800010c                        . = ALIGN (0x4)

.text           0x0800010c     0x7250
                0x0800010c                        . = ALIGN (0x4)
 *(.text)
 .text          0x0800010c       0x40 O:/ST/STM32CubeIDE_2.0.0/STM32CubeIDE/plugins/com.st.stm32cube.ide.mcu.externaltools.gnu-tools-for-stm32.13.3.rel1.win32_1.0.100.202509120712/tools/bin/../lib/gcc/arm-none-eabi/13.3.1/thumb/v7-m/nofp/crtbegin.o
 .text          0x0800014c       0x14 O:/ST/STM32CubeIDE_2.0.0/STM32CubeIDE/plugins/com.st.stm32cube.ide.mcu.externaltools.gnu-tools-for-stm32.13.3.rel1.win32_1.0.100.202509120712/tools/bin/../lib/gcc/arm-none-eabi/13.3.1/../../../../arm-none-eabi/lib/thumb/v7-m/nofp\libc_nano.a(libc_a-strcmp.o)
                0x0800014c                strcmp
 *(.text*)
 .text.ITM_SendChar
                0x08000160       0x4c ./Core/Src/main.o
 .text._write   0x080001ac       0x38 ./Core/Src/main.o
                0x080001ac                _write
 .text.main     0x080001e4       0x50 ./Core/Src/main.o
                0x080001e4                main
 .text.SystemClock_Config
                0x08000234       0x8a ./Core/Src/main.o
                0x08000234                SystemClock_Config
 *fill*         0x080002be        0x2 
 .text.MX_SPI1_Init
                0x080002c0       0x6c ./Core/Src/main.o
 .text.MX_SPI2_Init
                0x0800032c       0x6c ./Core/Src/main.o
 .text.MX_USART1_UART_Init
                0x08000398       0x54 ./Core/Src/main.o
 .text.MX_USART2_UART_Init
                0x080003ec       0x54 ./Core/Src/main.o
 .text.MX_DMA_Init
                0x08000440       0x4c ./Core/Src/main.o
 .text.MX_GPIO_Init
                0x0800048c      0x198 ./Core/Src/main.o
 .text.Error_Handler
                0x08000624        0xc ./Core/Src/main.o
                0x08000624                Error_Handler
 .text.SD_disk_status
                0x08000630       0x20 ./Core/Src/sd_diskio_spi.o
                0x08000630                SD_disk_status
 .text.SD_disk_initialize
                0x08000650       0x2c ./Core/Src/sd_diskio_spi.o
                0x08000650                SD_disk_initialize
 .text.SD_disk_read
                0x0800067c       0x50 ./Core/Src/sd_diskio_spi.o
                0x0800067c                SD_disk_read
 .text.SD_disk_write
                0x080006cc       0x50 ./Core/Src/sd_diskio_spi.o
                0x080006cc                SD_disk_write
 .text.SD_disk_ioctl
                0x0800071c       0x6c ./Core/Src/sd_diskio_spi.o
                0x0800071c                SD_disk_ioctl
 .text.sd_get_space_kb
                0x08000788       0x70 ./Core/Src/sd_functions.o
                0x08000788                sd_get_space_kb
 .text.sd_mount
                0x080007f8       0xe8 ./Core/Src/sd_functions.o
                0x080007f8                sd_mount
 .text.sd_unmount
                0x080008e0       0x44 ./Core/Src/sd_functions.o
                0x080008e0                sd_unmount
 .text.sd_list_directory_recursive
                0x08000924      0x104 ./Core/Src/sd_functions.o
                0x08000924                sd_list_directory_recursive
 .text.sd_list_files
                0x08000a28       0x28 ./Core/Src/sd_functions.o
                0x08000a28                sd_list_files
 .text.HAL_SPI_TxCpltCallback
                0x08000a50       0x28 ./Core/Src/sd_spi.o
                0x08000a50                HAL_SPI_TxCpltCallback
 .text.HAL_SPI_TxRxCpltCallback
                0x08000a78       0x28 ./Core/Src/sd_spi.o
                0x08000a78                HAL_SPI_TxRxCpltCallback
 .text.SD_TransmitByte
                0x08000aa0       0x24 ./Core/Src/sd_spi.o
 .text.SD_ReceiveByte
                0x08000ac4       0x30 ./Core/Src/sd_spi.o
 .text.SD_TransmitBuffer
                0x08000af4       0x3c ./Core/Src/sd_spi.o
 .text.SD_ReceiveBuffer
                0x08000b30       0x5c ./Core/Src/sd_spi.o
 .text.SD_WaitReady
                0x08000b8c       0x3a ./Core/Src/sd_spi.o
 .text.SD_SendCommand
                0x08000bc6       0x82 ./Core/Src/sd_spi.o
 .text.sd_is_sdhc
                0x08000c48       0x14 ./Core/Src/sd_spi.o
                0x08000c48                sd_is_sdhc
 .text.SD_SPI_Init
                0x08000c5c      0x1fc ./Core/Src/sd_spi.o
                0x08000c5c                SD_SPI_Init
 .text.SD_ReadBlocks
                0x08000e58       0xd8 ./Core/Src/sd_spi.o
                0x08000e58                SD_ReadBlocks
 .text.SD_ReadMultiBlocks
                0x08000f30       0xe0 ./Core/Src/sd_spi.o
                0x08000f30                SD_ReadMultiBlocks
 .text.SD_WriteBlocks
                0x08001010       0xd4 ./Core/Src/sd_spi.o
                0x08001010                SD_WriteBlocks
 .text.SD_WriteMultiBlocks
                0x080010e4       0xe4 ./Core/Src/sd_spi.o
                0x080010e4                SD_WriteMultiBlocks
 .text.HAL_MspInit
                0x080011c8       0x64 ./Core/Src/stm32f1xx_hal_msp.o
                0x080011c8                HAL_MspInit
 .text.HAL_SPI_MspInit
                0x0800122c      0x1b4 ./Core/Src/stm32f1xx_hal_msp.o
                0x0800122c                HAL_SPI_MspInit
 .text.HAL_UART_MspInit
                0x080013e0       0xf0 ./Core/Src/stm32f1xx_hal_msp.o
                0x080013e0                HAL_UART_MspInit
 .text.NMI_Handler
                0x080014d0        0x8 ./Core/Src/stm32f1xx_it.o
                0x080014d0                NMI_Handler
 .text.HardFault_Handler
                0x080014d8        0x8 ./Core/Src/stm32f1xx_it.o
                0x080014d8                HardFault_Handler
 .text.MemManage_Handler
                0x080014e0        0x8 ./Core/Src/stm32f1xx_it.o
                0x080014e0                MemManage_Handler
 .text.BusFault_Handler
                0x080014e8        0x8 ./Core/Src/stm32f1xx_it.o
                0x080014e8                BusFault_Handler
 .text.UsageFault_Handler
                0x080014f0        0x8 ./Core/Src/stm32f1xx_it.o
                0x080014f0                UsageFault_Handler
 .text.SVC_Handler
                0x080014f8        0xc ./Core/Src/stm32f1xx_it.o
                0x080014f8                SVC_Handler
 .text.DebugMon_Handler
                0x08001504        0xc ./Core/Src/stm32f1xx_it.o
                0x08001504                DebugMon_Handler
 .text.PendSV_Handler
                0x08001510        0xc ./Core/Src/stm32f1xx_it.o
                0x08001510                PendSV_Handler
 .text.SysTick_Handler
                0x0800151c        0xc ./Core/Src/stm32f1xx_it.o
                0x0800151c                SysTick_Handler
 .text.DMA1_Channel2_IRQHandler
                0x08001528       0x14 ./Core/Src/stm32f1xx_it.o
                0x08001528                DMA1_Channel2_IRQHandler
 .text.DMA1_Channel3_IRQHandler
                0x0800153c       0x14 ./Core/Src/stm32f1xx_it.o
                0x0800153c                DMA1_Channel3_IRQHandler
 .text._read    0x08001550       0x3a ./Core/Src/syscalls.o
                0x08001550                _read
 .text._close   0x0800158a       0x16 ./Core/Src/syscalls.o
                0x0800158a                _close
 .text._fstat   0x080015a0       0x1e ./Core/Src/syscalls.o
                0x080015a0                _fstat
 .text._isatty  0x080015be       0x14 ./Core/Src/syscalls.o
                0x080015be                _isatty
 .text._lseek   0x080015d2       0x18 ./Core/Src/syscalls.o
                0x080015d2                _lseek
 *fill*         0x080015ea        0x2 
 .text._sbrk    0x080015ec       0x6c ./Core/Src/sysmem.o
                0x080015ec                _sbrk
 .text.SystemInit
                0x08001658        0xc ./Core/Src/system_stm32f1xx.o
                0x08001658                SystemInit
 .text.Reset_Handler
                0x08001664       0x48 ./Core/Startup/startup_stm32f103rbtx.o
                0x08001664                Reset_Handler
 .text.Default_Handler
                0x080016ac        0x2 ./Core/Startup/startup_stm32f103rbtx.o
                0x080016ac                RTC_Alarm_IRQHandler
                0x080016ac                EXTI2_IRQHandler
                0x080016ac                TIM1_CC_IRQHandler
                0x080016ac                PVD_IRQHandler
                0x080016ac                EXTI3_IRQHandler
                0x080016ac                EXTI0_IRQHandler
                0x080016ac                I2C2_EV_IRQHandler
                0x080016ac                ADC1_2_IRQHandler
                0x080016ac                SPI1_IRQHandler
                0x080016ac                TAMPER_IRQHandler
                0x080016ac                DMA1_Channel4_IRQHandler
                0x080016ac                USART3_IRQHandler
                0x080016ac                RTC_IRQHandler
                0x080016ac                DMA1_Channel7_IRQHandler
                0x080016ac                CAN1_RX1_IRQHandler
                0x080016ac                TIM4_IRQHandler
                0x080016ac                I2C1_EV_IRQHandler
                0x080016ac                DMA1_Channel6_IRQHandler
                0x080016ac                TIM3_IRQHandler
                0x080016ac                RCC_IRQHandler
                0x080016ac                TIM1_TRG_COM_IRQHandler
                0x080016ac                DMA1_Channel1_IRQHandler
                0x080016ac                Default_Handler
                0x080016ac                EXTI15_10_IRQHandler
                0x080016ac                EXTI9_5_IRQHandler
                0x080016ac                SPI2_IRQHandler
                0x080016ac                DMA1_Channel5_IRQHandler
                0x080016ac                EXTI4_IRQHandler
                0x080016ac                USB_LP_CAN1_RX0_IRQHandler
                0x080016ac                USB_HP_CAN1_TX_IRQHandler
                0x080016ac                TIM1_UP_IRQHandler
                0x080016ac                WWDG_IRQHandler
                0x080016ac                TIM2_IRQHandler
                0x080016ac                TIM1_BRK_IRQHandler
                0x080016ac                EXTI1_IRQHandler
                0x080016ac                USART2_IRQHandler
                0x080016ac                I2C2_ER_IRQHandler
                0x080016ac                CAN1_SCE_IRQHandler
                0x080016ac                FLASH_IRQHandler
                0x080016ac                USART1_IRQHandler
                0x080016ac                I2C1_ER_IRQHandler
                0x080016ac                USBWakeUp_IRQHandler
 *fill*         0x080016ae        0x2 
 .text.HAL_Init
                0x080016b0       0x2c ./Drivers/STM32F1xx_HAL_Driver/Src/stm32f1xx_hal.o
                0x080016b0                HAL_Init
 .text.HAL_InitTick
                0x080016dc       0x60 ./Drivers/STM32F1xx_HAL_Driver/Src/stm32f1xx_hal.o
                0x080016dc                HAL_InitTick
 .text.HAL_IncTick
                0x0800173c       0x24 ./Drivers/STM32F1xx_HAL_Driver/Src/stm32f1xx_hal.o
                0x0800173c                HAL_IncTick
 .text.HAL_GetTick
                0x08001760       0x14 ./Drivers/STM32F1xx_HAL_Driver/Src/stm32f1xx_hal.o
                0x08001760                HAL_GetTick
 .text.HAL_Delay
                0x08001774       0x48 ./Drivers/STM32F1xx_HAL_Driver/Src/stm32f1xx_hal.o
                0x08001774                HAL_Delay
 .text.__NVIC_SetPriorityGrouping
                0x080017bc       0x48 ./Drivers/STM32F1xx_HAL_Driver/Src/stm32f1xx_hal_cortex.o
 .text.__NVIC_GetPriorityGrouping
                0x08001804       0x1c ./Drivers/STM32F1xx_HAL_Driver/Src/stm32f1xx_hal_cortex.o
 .text.__NVIC_EnableIRQ
                0x08001820       0x38 ./Drivers/STM32F1xx_HAL_Driver/Src/stm32f1xx_hal_cortex.o
 .text.__NVIC_SetPriority
                0x08001858       0x54 ./Drivers/STM32F1xx_HAL_Driver/Src/stm32f1xx_hal_cortex.o
 .text.NVIC_EncodePriority
                0x080018ac       0x64 ./Drivers/STM32F1xx_HAL_Driver/Src/stm32f1xx_hal_cortex.o
 .text.SysTick_Config
                0x08001910       0x44 ./Drivers/STM32F1xx_HAL_Driver/Src/stm32f1xx_hal_cortex.o
 .text.HAL_NVIC_SetPriorityGrouping
                0x08001954       0x16 ./Drivers/STM32F1xx_HAL_Driver/Src/stm32f1xx_hal_cortex.o
                0x08001954                HAL_NVIC_SetPriorityGrouping
 .text.HAL_NVIC_SetPriority
                0x0800196a       0x38 ./Drivers/STM32F1xx_HAL_Driver/Src/stm32f1xx_hal_cortex.o
                0x0800196a                HAL_NVIC_SetPriority
 .text.HAL_NVIC_EnableIRQ
                0x080019a2       0x1c ./Drivers/STM32F1xx_HAL_Driver/Src/stm32f1xx_hal_cortex.o
                0x080019a2                HAL_NVIC_EnableIRQ
 .text.HAL_SYSTICK_Config
                0x080019be       0x18 ./Drivers/STM32F1xx_HAL_Driver/Src/stm32f1xx_hal_cortex.o
                0x080019be                HAL_SYSTICK_Config
 *fill*         0x080019d6        0x2 
 .text.HAL_DMA_Init
                0x080019d8       0xb4 ./Drivers/STM32F1xx_HAL_Driver/Src/stm32f1xx_hal_dma.o
                0x080019d8                HAL_DMA_Init
 .text.HAL_DMA_Start_IT
                0x08001a8c       0xc0 ./Drivers/STM32F1xx_HAL_Driver/Src/stm32f1xx_hal_dma.o
                0x08001a8c                HAL_DMA_Start_IT
 .text.HAL_DMA_IRQHandler
                0x08001b4c      0x20c ./Drivers/STM32F1xx_HAL_Driver/Src/stm32f1xx_hal_dma.o
                0x08001b4c                HAL_DMA_IRQHandler
 .text.DMA_SetConfig
                0x08001d58       0x5a ./Drivers/STM32F1xx_HAL_Driver/Src/stm32f1xx_hal_dma.o
 *fill*         0x08001db2        0x2 
 .text.HAL_GPIO_Init
                0x08001db4      0x308 ./Drivers/STM32F1xx_HAL_Driver/Src/stm32f1xx_hal_gpio.o
                0x08001db4                HAL_GPIO_Init
 .text.HAL_GPIO_WritePin
                0x080020bc       0x30 ./Drivers/STM32F1xx_HAL_Driver/Src/stm32f1xx_hal_gpio.o
                0x080020bc                HAL_GPIO_WritePin
 .text.HAL_RCC_OscConfig
                0x080020ec      0x504 ./Drivers/STM32F1xx_HAL_Driver/Src/stm32f1xx_hal_rcc.o
                0x080020ec                HAL_RCC_OscConfig
 .text.HAL_RCC_ClockConfig
                0x080025f0      0x1d4 ./Drivers/STM32F1xx_HAL_Driver/Src/stm32f1xx_hal_rcc.o
                0x080025f0                HAL_RCC_ClockConfig
 .text.HAL_RCC_GetSysClockFreq
                0x080027c4       0xa8 ./Drivers/STM32F1xx_HAL_Driver/Src/stm32f1xx_hal_rcc.o
                0x080027c4                HAL_RCC_GetSysClockFreq
 .text.HAL_RCC_GetHCLKFreq
                0x0800286c       0x14 ./Drivers/STM32F1xx_HAL_Driver/Src/stm32f1xx_hal_rcc.o
                0x0800286c                HAL_RCC_GetHCLKFreq
 .text.HAL_RCC_GetPCLK1Freq
                0x08002880       0x28 ./Drivers/STM32F1xx_HAL_Driver/Src/stm32f1xx_hal_rcc.o
                0x08002880                HAL_RCC_GetPCLK1Freq
 .text.HAL_RCC_GetPCLK2Freq
                0x080028a8       0x28 ./Drivers/STM32F1xx_HAL_Driver/Src/stm32f1xx_hal_rcc.o
                0x080028a8                HAL_RCC_GetPCLK2Freq
 .text.RCC_Delay
                0x080028d0       0x3c ./Drivers/STM32F1xx_HAL_Driver/Src/stm32f1xx_hal_rcc.o
 .text.HAL_SPI_Init
                0x0800290c      0x108 ./Drivers/STM32F1xx_HAL_Driver/Src/stm32f1xx_hal_spi.o
                0x0800290c                HAL_SPI_Init
 .text.HAL_SPI_Transmit
                0x08002a14      0x288 ./Drivers/STM32F1xx_HAL_Driver/Src/stm32f1xx_hal_spi.o
                0x08002a14                HAL_SPI_Transmit
 .text.HAL_SPI_TransmitReceive
                0x08002c9c      0x352 ./Drivers/STM32F1xx_HAL_Driver/Src/stm32f1xx_hal_spi.o
                0x08002c9c                HAL_SPI_TransmitReceive
 *fill*         0x08002fee        0x2 
 .text.HAL_SPI_Transmit_DMA
                0x08002ff0      0x164 ./Drivers/STM32F1xx_HAL_Driver/Src/stm32f1xx_hal_spi.o
                0x08002ff0                HAL_SPI_Transmit_DMA
 .text.HAL_SPI_TransmitReceive_DMA
                0x08003154      0x1f8 ./Drivers/STM32F1xx_HAL_Driver/Src/stm32f1xx_hal_spi.o
                0x08003154                HAL_SPI_TransmitReceive_DMA
 .text.HAL_SPI_RxCpltCallback
                0x0800334c       0x12 ./Drivers/STM32F1xx_HAL_Driver/Src/stm32f1xx_hal_spi.o
                0x0800334c                HAL_SPI_RxCpltCallback
 .text.HAL_SPI_TxHalfCpltCallback
                0x0800335e       0x12 ./Drivers/STM32F1xx_HAL_Driver/Src/stm32f1xx_hal_spi.o
                0x0800335e                HAL_SPI_TxHalfCpltCallback
 .text.HAL_SPI_RxHalfCpltCallback
                0x08003370       0x12 ./Drivers/STM32F1xx_HAL_Driver/Src/stm32f1xx_hal_spi.o
                0x08003370                HAL_SPI_RxHalfCpltCallback
 .text.HAL_SPI_TxRxHalfCpltCallback
                0x08003382       0x12 ./Drivers/STM32F1xx_HAL_Driver/Src/stm32f1xx_hal_spi.o
                0x08003382                HAL_SPI_TxRxHalfCpltCallback
 .text.HAL_SPI_ErrorCallback
                0x08003394       0x12 ./Drivers/STM32F1xx_HAL_Driver/Src/stm32f1xx_hal_spi.o
                0x08003394                HAL_SPI_ErrorCallback
 .text.SPI_DMATransmitCplt
                0x080033a6       0xa6 ./Drivers/STM32F1xx_HAL_Driver/Src/stm32f1xx_hal_spi.o
 .text.SPI_DMAReceiveCplt
                0x0800344c       0xa6 ./Drivers/STM32F1xx_HAL_Driver/Src/stm32f1xx_hal_spi.o
 .text.SPI_DMATransmitReceiveCplt
                0x080034f2       0x8e ./Drivers/STM32F1xx_HAL_Driver/Src/stm32f1xx_hal_spi.o
 .text.SPI_DMAHalfTransmitCplt
                0x08003580       0x1c ./Drivers/STM32F1xx_HAL_Driver/Src/stm32f1xx_hal_spi.o
 .text.SPI_DMAHalfReceiveCplt
                0x0800359c       0x1c ./Drivers/STM32F1xx_HAL_Driver/Src/stm32f1xx_hal_spi.o
 .text.SPI_DMAHalfTransmitReceiveCplt
                0x080035b8       0x1c ./Drivers/STM32F1xx_HAL_Driver/Src/stm32f1xx_hal_spi.o
 .text.SPI_DMAError
                0x080035d4       0x40 ./Drivers/STM32F1xx_HAL_Driver/Src/stm32f1xx_hal_spi.o
 .text.SPI_WaitFlagStateUntilTimeout
                0x08003614      0x110 ./Drivers/STM32F1xx_HAL_Driver/Src/stm32f1xx_hal_spi.o
 .text.SPI_EndRxTransaction
                0x08003724       0xa4 ./Drivers/STM32F1xx_HAL_Driver/Src/stm32f1xx_hal_spi.o
 .text.SPI_EndRxTxTransaction
                0x080037c8       0x62 ./Drivers/STM32F1xx_HAL_Driver/Src/stm32f1xx_hal_spi.o
 .text.HAL_UART_Init
                0x0800382a       0xa0 ./Drivers/STM32F1xx_HAL_Driver/Src/stm32f1xx_hal_uart.o
                0x0800382a                HAL_UART_Init
 *fill*         0x080038ca        0x2 
 .text.UART_SetConfig
                0x080038cc      0x11c ./Drivers/STM32F1xx_HAL_Driver/Src/stm32f1xx_hal_uart.o
 .text.disk_status
                0x080039e8       0x34 ./Middlewares/Third_Party/FatFs/src/diskio.o
                0x080039e8                disk_status
 .text.disk_initialize
                0x08003a1c       0x4c ./Middlewares/Third_Party/FatFs/src/diskio.o
                0x08003a1c                disk_initialize
 .text.disk_read
                0x08003a68       0x40 ./Middlewares/Third_Party/FatFs/src/diskio.o
                0x08003a68                disk_read
 .text.disk_write
                0x08003aa8       0x40 ./Middlewares/Third_Party/FatFs/src/diskio.o
                0x08003aa8                disk_write
 .text.mem_set  0x08003ae8       0x34 ./Middlewares/Third_Party/FatFs/src/ff.o
 .text.mem_cmp  0x08003b1c       0x4c ./Middlewares/Third_Party/FatFs/src/ff.o
 .text.chk_chr  0x08003b68       0x34 ./Middlewares/Third_Party/FatFs/src/ff.o
 .text.inc_lock
                0x08003b9c      0x16c ./Middlewares/Third_Party/FatFs/src/ff.o
 .text.dec_lock
                0x08003d08       0x88 ./Middlewares/Third_Party/FatFs/src/ff.o
 .text.clear_lock
                0x08003d90       0x54 ./Middlewares/Third_Party/FatFs/src/ff.o
 .text.sync_window
                0x08003de4       0x92 ./Middlewares/Third_Party/FatFs/src/ff.o
 .text.move_window
                0x08003e76       0x5c ./Middlewares/Third_Party/FatFs/src/ff.o
 .text.clust2sect
                0x08003ed2       0x42 ./Middlewares/Third_Party/FatFs/src/ff.o
                0x08003ed2                clust2sect
 .text.get_fat  0x08003f14      0x174 ./Middlewares/Third_Party/FatFs/src/ff.o
                0x08003f14                get_fat
 .text.put_fat  0x08004088      0x21c ./Middlewares/Third_Party/FatFs/src/ff.o
                0x08004088                put_fat
 .text.create_chain
                0x080042a4      0x13a ./Middlewares/Third_Party/FatFs/src/ff.o
 .text.dir_sdi  0x080043de      0x128 ./Middlewares/Third_Party/FatFs/src/ff.o
 .text.dir_next
                0x08004506      0x1ee ./Middlewares/Third_Party/FatFs/src/ff.o
 .text.ld_clust
                0x080046f4       0x5e ./Middlewares/Third_Party/FatFs/src/ff.o
 *fill*         0x08004752        0x2 
 .text.cmp_lfn  0x08004754       0xdc ./Middlewares/Third_Party/FatFs/src/ff.o
 .text.pick_lfn
                0x08004830       0xc8 ./Middlewares/Third_Party/FatFs/src/ff.o
 .text.sum_sfn  0x080048f8       0x40 ./Middlewares/Third_Party/FatFs/src/ff.o
 .text.dir_find
                0x08004938      0x180 ./Middlewares/Third_Party/FatFs/src/ff.o
 .text.dir_read
                0x08004ab8      0x14e ./Middlewares/Third_Party/FatFs/src/ff.o
 .text.get_fileinfo
                0x08004c06      0x1a2 ./Middlewares/Third_Party/FatFs/src/ff.o
 .text.create_name
                0x08004da8      0x370 ./Middlewares/Third_Party/FatFs/src/ff.o
 .text.follow_path
                0x08005118       0xdc ./Middlewares/Third_Party/FatFs/src/ff.o
 .text.get_ldnumber
                0x080051f4       0x86 ./Middlewares/Third_Party/FatFs/src/ff.o
 *fill*         0x0800527a        0x2 
 .text.check_fs
                0x0800527c       0xd8 ./Middlewares/Third_Party/FatFs/src/ff.o
 .text.find_volume
                0x08005354      0x59c ./Middlewares/Third_Party/FatFs/src/ff.o
 .text.validate
                0x080058f0       0x66 ./Middlewares/Third_Party/FatFs/src/ff.o
 *fill*         0x08005956        0x2 
 .text.f_mount  0x08005958       0x90 ./Middlewares/Third_Party/FatFs/src/ff.o
                0x08005958                f_mount
 .text.f_opendir
                0x080059e8      0x1d4 ./Middlewares/Third_Party/FatFs/src/ff.o
                0x080059e8                f_opendir
 .text.f_closedir
                0x08005bbc       0x4a ./Middlewares/Third_Party/FatFs/src/ff.o
                0x08005bbc                f_closedir
 .text.f_readdir
                0x08005c06      0x118 ./Middlewares/Third_Party/FatFs/src/ff.o
                0x08005c06                f_readdir
 .text.f_getfree
                0x08005d1e      0x19c ./Middlewares/Third_Party/FatFs/src/ff.o
                0x08005d1e                f_getfree
 *fill*         0x08005eba        0x2 
 .text.FATFS_LinkDriverEx
                0x08005ebc       0x94 ./Middlewares/Third_Party/FatFs/src/ff_gen_drv.o
                0x08005ebc                FATFS_LinkDriverEx
 .text.FATFS_LinkDriver
                0x08005f50       0x1e ./Middlewares/Third_Party/FatFs/src/ff_gen_drv.o
                0x08005f50                FATFS_LinkDriver
 *fill*         0x08005f6e        0x2 
 .text.ff_convert
                0x08005f70       0x74 ./Middlewares/Third_Party/FatFs/src/option/ccsbcs.o
                0x08005f70                ff_convert
 .text.ff_wtoupper
                0x08005fe4       0x5c ./Middlewares/Third_Party/FatFs/src/option/ccsbcs.o
                0x08005fe4                ff_wtoupper
 .text.std      0x08006040       0x6c O:/ST/STM32CubeIDE_2.0.0/STM32CubeIDE/plugins/com.st.stm32cube.ide.mcu.externaltools.gnu-tools-for-stm32.13.3.rel1.win32_1.0.100.202509120712/tools/bin/../lib/gcc/arm-none-eabi/13.3.1/../../../../arm-none-eabi/lib/thumb/v7-m/nofp\libc_nano.a(libc_a-findfp.o)
 .text.stdio_exit_handler
                0x080060ac       0x18 O:/ST/STM32CubeIDE_2.0.0/STM32CubeIDE/plugins/com.st.stm32cube.ide.mcu.externaltools.gnu-tools-for-stm32.13.3.rel1.win32_1.0.100.202509120712/tools/bin/../lib/gcc/arm-none-eabi/13.3.1/../../../../arm-none-eabi/lib/thumb/v7-m/nofp\libc_nano.a(libc_a-findfp.o)
 .text.cleanup_stdio
                0x080060c4       0x40 O:/ST/STM32CubeIDE_2.0.0/STM32CubeIDE/plugins/com.st.stm32cube.ide.mcu.externaltools.gnu-tools-for-stm32.13.3.rel1.win32_1.0.100.202509120712/tools/bin/../lib/gcc/arm-none-eabi/13.3.1/../../../../arm-none-eabi/lib/thumb/v7-m/nofp\libc_nano.a(libc_a-findfp.o)
 .text.global_stdio_init.part.0
                0x08006104       0x3c O:/ST/STM32CubeIDE_2.0.0/STM32CubeIDE/plugins/com.st.stm32cube.ide.mcu.externaltools.gnu-tools-for-stm32.13.3.rel1.win32_1.0.100.202509120712/tools/bin/../lib/gcc/arm-none-eabi/13.3.1/../../../../arm-none-eabi/lib/thumb/v7-m/nofp\libc_nano.a(libc_a-findfp.o)
 .text.__sfp_lock_acquire
                0x08006140        0xc O:/ST/STM32CubeIDE_2.0.0/STM32CubeIDE/plugins/com.st.stm32cube.ide.mcu.externaltools.gnu-tools-for-stm32.13.3.rel1.win32_1.0.100.202509120712/tools/bin/../lib/gcc/arm-none-eabi/13.3.1/../../../../arm-none-eabi/lib/thumb/v7-m/nofp\libc_nano.a(libc_a-findfp.o)
                0x08006140                __sfp_lock_acquire
 .text.__sfp_lock_release
                0x0800614c        0xc O:/ST/STM32CubeIDE_2.0.0/STM32CubeIDE/plugins/com.st.stm32cube.ide.mcu.externaltools.gnu-tools-for-stm32.13.3.rel1.win32_1.0.100.202509120712/tools/bin/../lib/gcc/arm-none-eabi/13.3.1/../../../../arm-none-eabi/lib/thumb/v7-m/nofp\libc_nano.a(libc_a-findfp.o)
                0x0800614c                __sfp_lock_release
 .text.__sinit  0x08006158       0x30 O:/ST/STM32CubeIDE_2.0.0/STM32CubeIDE/plugins/com.st.stm32cube.ide.mcu.externaltools.gnu-tools-for-stm32.13.3.rel1.win32_1.0.100.202509120712/tools/bin/../lib/gcc/arm-none-eabi/13.3.1/../../../../arm-none-eabi/lib/thumb/v7-m/nofp\libc_nano.a(libc_a-findfp.o)
                0x08006158                __sinit
 .text._fwalk_sglue
                0x08006188       0x3c O:/ST/STM32CubeIDE_2.0.0/STM32CubeIDE/plugins/com.st.stm32cube.ide.mcu.externaltools.gnu-tools-for-stm32.13.3.rel1.win32_1.0.100.202509120712/tools/bin/../lib/gcc/arm-none-eabi/13.3.1/../../../../arm-none-eabi/lib/thumb/v7-m/nofp\libc_nano.a(libc_a-fwalk.o)
                0x08006188                _fwalk_sglue
 .text.printf   0x080061c4       0x24 O:/ST/STM32CubeIDE_2.0.0/STM32CubeIDE/plugins/com.st.stm32cube.ide.mcu.externaltools.gnu-tools-for-stm32.13.3.rel1.win32_1.0.100.202509120712/tools/bin/../lib/gcc/arm-none-eabi/13.3.1/../../../../arm-none-eabi/lib/thumb/v7-m/nofp\libc_nano.a(libc_a-printf.o)
                0x080061c4                iprintf
                0x080061c4                printf
 .text._puts_r  0x080061e8       0xaa O:/ST/STM32CubeIDE_2.0.0/STM32CubeIDE/plugins/com.st.stm32cube.ide.mcu.externaltools.gnu-tools-for-stm32.13.3.rel1.win32_1.0.100.202509120712/tools/bin/../lib/gcc/arm-none-eabi/13.3.1/../../../../arm-none-eabi/lib/thumb/v7-m/nofp\libc_nano.a(libc_a-puts.o)
                0x080061e8                _puts_r
 *fill*         0x08006292        0x2 
 .text.puts     0x08006294       0x10 O:/ST/STM32CubeIDE_2.0.0/STM32CubeIDE/plugins/com.st.stm32cube.ide.mcu.externaltools.gnu-tools-for-stm32.13.3.rel1.win32_1.0.100.202509120712/tools/bin/../lib/gcc/arm-none-eabi/13.3.1/../../../../arm-none-eabi/lib/thumb/v7-m/nofp\libc_nano.a(libc_a-puts.o)
                0x08006294                puts
 .text.snprintf
                0x080062a4       0x6c O:/ST/STM32CubeIDE_2.0.0/STM32CubeIDE/plugins/com.st.stm32cube.ide.mcu.externaltools.gnu-tools-for-stm32.13.3.rel1.win32_1.0.100.202509120712/tools/bin/../lib/gcc/arm-none-eabi/13.3.1/../../../../arm-none-eabi/lib/thumb/v7-m/nofp\libc_nano.a(libc_a-snprintf.o)
                0x080062a4                sniprintf
                0x080062a4                snprintf
 .text.__sread  0x08006310       0x22 O:/ST/STM32CubeIDE_2.0.0/STM32CubeIDE/plugins/com.st.stm32cube.ide.mcu.externaltools.gnu-tools-for-stm32.13.3.rel1.win32_1.0.100.202509120712/tools/bin/../lib/gcc/arm-none-eabi/13.3.1/../../../../arm-none-eabi/lib/thumb/v7-m/nofp\libc_nano.a(libc_a-stdio.o)
                0x08006310                __sread
 .text.__swrite
                0x08006332       0x38 O:/ST/STM32CubeIDE_2.0.0/STM32CubeIDE/plugins/com.st.stm32cube.ide.mcu.externaltools.gnu-tools-for-stm32.13.3.rel1.win32_1.0.100.202509120712/tools/bin/../lib/gcc/arm-none-eabi/13.3.1/../../../../arm-none-eabi/lib/thumb/v7-m/nofp\libc_nano.a(libc_a-stdio.o)
                0x08006332                __swrite
 .text.__sseek  0x0800636a       0x24 O:/ST/STM32CubeIDE_2.0.0/STM32CubeIDE/plugins/com.st.stm32cube.ide.mcu.externaltools.gnu-tools-for-stm32.13.3.rel1.win32_1.0.100.202509120712/tools/bin/../lib/gcc/arm-none-eabi/13.3.1/../../../../arm-none-eabi/lib/thumb/v7-m/nofp\libc_nano.a(libc_a-stdio.o)
                0x0800636a                __sseek
 .text.__sclose
                0x0800638e        0x8 O:/ST/STM32CubeIDE_2.0.0/STM32CubeIDE/plugins/com.st.stm32cube.ide.mcu.externaltools.gnu-tools-for-stm32.13.3.rel1.win32_1.0.100.202509120712/tools/bin/../lib/gcc/arm-none-eabi/13.3.1/../../../../arm-none-eabi/lib/thumb/v7-m/nofp\libc_nano.a(libc_a-stdio.o)
                0x0800638e                __sclose
 .text.__swbuf_r
                0x08006396       0x7c O:/ST/STM32CubeIDE_2.0.0/STM32CubeIDE/plugins/com.st.stm32cube.ide.mcu.externaltools.gnu-tools-for-stm32.13.3.rel1.win32_1.0.100.202509120712/tools/bin/../lib/gcc/arm-none-eabi/13.3.1/../../../../arm-none-eabi/lib/thumb/v7-m/nofp\libc_nano.a(libc_a-wbuf.o)
                0x08006396                __swbuf_r
 *fill*         0x08006412        0x2 
 .text.__swsetup_r
                0x08006414       0xac O:/ST/STM32CubeIDE_2.0.0/STM32CubeIDE/plugins/com.st.stm32cube.ide.mcu.externaltools.gnu-tools-for-stm32.13.3.rel1.win32_1.0.100.202509120712/tools/bin/../lib/gcc/arm-none-eabi/13.3.1/../../../../arm-none-eabi/lib/thumb/v7-m/nofp\libc_nano.a(libc_a-wsetup.o)
                0x08006414                __swsetup_r
 .text.memset   0x080064c0       0x10 O:/ST/STM32CubeIDE_2.0.0/STM32CubeIDE/plugins/com.st.stm32cube.ide.mcu.externaltools.gnu-tools-for-stm32.13.3.rel1.win32_1.0.100.202509120712/tools/bin/../lib/gcc/arm-none-eabi/13.3.1/../../../../arm-none-eabi/lib/thumb/v7-m/nofp\libc_nano.a(libc_a-memset.o)
                0x080064c0                memset
 .text._close_r
                0x080064d0       0x20 O:/ST/STM32CubeIDE_2.0.0/STM32CubeIDE/plugins/com.st.stm32cube.ide.mcu.externaltools.gnu-tools-for-stm32.13.3.rel1.win32_1.0.100.202509120712/tools/bin/../lib/gcc/arm-none-eabi/13.3.1/../../../../arm-none-eabi/lib/thumb/v7-m/nofp\libc_nano.a(libc_a-closer.o)
                0x080064d0                _close_r
 .text._lseek_r
                0x080064f0       0x24 O:/ST/STM32CubeIDE_2.0.0/STM32CubeIDE/plugins/com.st.stm32cube.ide.mcu.externaltools.gnu-tools-for-stm32.13.3.rel1.win32_1.0.100.202509120712/tools/bin/../lib/gcc/arm-none-eabi/13.3.1/../../../../arm-none-eabi/lib/thumb/v7-m/nofp\libc_nano.a(libc_a-lseekr.o)
                0x080064f0                _lseek_r
 .text._read_r  0x08006514       0x24 O:/ST/STM32CubeIDE_2.0.0/STM32CubeIDE/plugins/com.st.stm32cube.ide.mcu.externaltools.gnu-tools-for-stm32.13.3.rel1.win32_1.0.100.202509120712/tools/bin/../lib/gcc/arm-none-eabi/13.3.1/../../../../arm-none-eabi/lib/thumb/v7-m/nofp\libc_nano.a(libc_a-readr.o)
                0x08006514                _read_r
 .text._write_r
                0x08006538       0x24 O:/ST/STM32CubeIDE_2.0.0/STM32CubeIDE/plugins/com.st.stm32cube.ide.mcu.externaltools.gnu-tools-for-stm32.13.3.rel1.win32_1.0.100.202509120712/tools/bin/../lib/gcc/arm-none-eabi/13.3.1/../../../../arm-none-eabi/lib/thumb/v7-m/nofp\libc_nano.a(libc_a-writer.o)
                0x08006538                _write_r
 .text.__errno  0x0800655c        0xc O:/ST/STM32CubeIDE_2.0.0/STM32CubeIDE/plugins/com.st.stm32cube.ide.mcu.externaltools.gnu-tools-for-stm32.13.3.rel1.win32_1.0.100.202509120712/tools/bin/../lib/gcc/arm-none-eabi/13.3.1/../../../../arm-none-eabi/lib/thumb/v7-m/nofp\libc_nano.a(libc_a-errno.o)
                0x0800655c                __errno
 .text.__libc_init_array
                0x08006568       0x48 O:/ST/STM32CubeIDE_2.0.0/STM32CubeIDE/plugins/com.st.stm32cube.ide.mcu.externaltools.gnu-tools-for-stm32.13.3.rel1.win32_1.0.100.202509120712/tools/bin/../lib/gcc/arm-none-eabi/13.3.1/../../../../arm-none-eabi/lib/thumb/v7-m/nofp\libc_nano.a(libc_a-init.o)
                0x08006568                __libc_init_array
 .text.__retarget_lock_init_recursive
                0x080065b0        0x2 O:/ST/STM32CubeIDE_2.0.0/STM32CubeIDE/plugins/com.st.stm32cube.ide.mcu.externaltools.gnu-tools-for-stm32.13.3.rel1.win32_1.0.100.202509120712/tools/bin/../lib/gcc/arm-none-eabi/13.3.1/../../../../arm-none-eabi/lib/thumb/v7-m/nofp\libc_nano.a(libc_a-lock.o)
                0x080065b0                __retarget_lock_init_recursive
 .text.__retarget_lock_acquire_recursive
                0x080065b2        0x2 O:/ST/STM32CubeIDE_2.0.0/STM32CubeIDE/plugins/com.st.stm32cube.ide.mcu.externaltools.gnu-tools-for-stm32.13.3.rel1.win32_1.0.100.202509120712/tools/bin/../lib/gcc/arm-none-eabi/13.3.1/../../../../arm-none-eabi/lib/thumb/v7-m/nofp\libc_nano.a(libc_a-lock.o)
                0x080065b2                __retarget_lock_acquire_recursive
 .text.__retarget_lock_release_recursive
                0x080065b4        0x2 O:/ST/STM32CubeIDE_2.0.0/STM32CubeIDE/plugins/com.st.stm32cube.ide.mcu.externaltools.gnu-tools-for-stm32.13.3.rel1.win32_1.0.100.202509120712/tools/bin/../lib/gcc/arm-none-eabi/13.3.1/../../../../arm-none-eabi/lib/thumb/v7-m/nofp\libc_nano.a(libc_a-lock.o)
                0x080065b4                __retarget_lock_release_recursive
 *fill*         0x080065b6        0x2 
 .text._free_r  0x080065b8       0x90 O:/ST/STM32CubeIDE_2.0.0/STM32CubeIDE/plugins/com.st.stm32cube.ide.mcu.externaltools.gnu-tools-for-stm32.13.3.rel1.win32_1.0.100.202509120712/tools/bin/../lib/gcc/arm-none-eabi/13.3.1/../../../../arm-none-eabi/lib/thumb/v7-m/nofp\libc_nano.a(libc_a-freer.o)
                0x080065b8                _free_r
 .text.sbrk_aligned
                0x08006648       0x44 O:/ST/STM32CubeIDE_2.0.0/STM32CubeIDE/plugins/com.st.stm32cube.ide.mcu.externaltools.gnu-tools-for-stm32.13.3.rel1.win32_1.0.100.202509120712/tools/bin/../lib/gcc/arm-none-eabi/13.3.1/../../../../arm-none-eabi/lib/thumb/v7-m/nofp\libc_nano.a(libc_a-mallocr.o)
 .text._malloc_r
                0x0800668c      0x100 O:/ST/STM32CubeIDE_2.0.0/STM32CubeIDE/plugins/com.st.stm32cube.ide.mcu.externaltools.gnu-tools-for-stm32.13.3.rel1.win32_1.0.100.202509120712/tools/bin/../lib/gcc/arm-none-eabi/13.3.1/../../../../arm-none-eabi/lib/thumb/v7-m/nofp\libc_nano.a(libc_a-mallocr.o)
                0x0800668c                _malloc_r
 .text.__malloc_lock
                0x0800678c        0xc O:/ST/STM32CubeIDE_2.0.0/STM32CubeIDE/plugins/com.st.stm32cube.ide.mcu.externaltools.gnu-tools-for-stm32.13.3.rel1.win32_1.0.100.202509120712/tools/bin/../lib/gcc/arm-none-eabi/13.3.1/../../../../arm-none-eabi/lib/thumb/v7-m/nofp\libc_nano.a(libc_a-mlock.o)
                0x0800678c                __malloc_lock
 .text.__malloc_unlock
                0x08006798        0xc O:/ST/STM32CubeIDE_2.0.0/STM32CubeIDE/plugins/com.st.stm32cube.ide.mcu.externaltools.gnu-tools-for-stm32.13.3.rel1.win32_1.0.100.202509120712/tools/bin/../lib/gcc/arm-none-eabi/13.3.1/../../../../arm-none-eabi/lib/thumb/v7-m/nofp\libc_nano.a(libc_a-mlock.o)
                0x08006798                __malloc_unlock
 .text.__ssputs_r
                0x080067a4       0xb6 O:/ST/STM32CubeIDE_2.0.0/STM32CubeIDE/plugins/com.st.stm32cube.ide.mcu.externaltools.gnu-tools-for-stm32.13.3.rel1.win32_1.0.100.202509120712/tools/bin/../lib/gcc/arm-none-eabi/13.3.1/../../../../arm-none-eabi/lib/thumb/v7-m/nofp\libc_nano.a(libc_a-nano-svfprintf.o)
                0x080067a4                __ssputs_r
 *fill*         0x0800685a        0x2 
 .text._svfprintf_r
                0x0800685c      0x1f8 O:/ST/STM32CubeIDE_2.0.0/STM32CubeIDE/plugins/com.st.stm32cube.ide.mcu.externaltools.gnu-tools-for-stm32.13.3.rel1.win32_1.0.100.202509120712/tools/bin/../lib/gcc/arm-none-eabi/13.3.1/../../../../arm-none-eabi/lib/thumb/v7-m/nofp\libc_nano.a(libc_a-nano-svfprintf.o)
                0x0800685c                _svfiprintf_r
                0x0800685c                _svfprintf_r
 .text.__sfputc_r
                0x08006a54       0x2a O:/ST/STM32CubeIDE_2.0.0/STM32CubeIDE/plugins/com.st.stm32cube.ide.mcu.externaltools.gnu-tools-for-stm32.13.3.rel1.win32_1.0.100.202509120712/tools/bin/../lib/gcc/arm-none-eabi/13.3.1/../../../../arm-none-eabi/lib/thumb/v7-m/nofp\libc_nano.a(libc_a-nano-vfprintf.o)
 .text.__sfputs_r
                0x08006a7e       0x24 O:/ST/STM32CubeIDE_2.0.0/STM32CubeIDE/plugins/com.st.stm32cube.ide.mcu.externaltools.gnu-tools-for-stm32.13.3.rel1.win32_1.0.100.202509120712/tools/bin/../lib/gcc/arm-none-eabi/13.3.1/../../../../arm-none-eabi/lib/thumb/v7-m/nofp\libc_nano.a(libc_a-nano-vfprintf.o)
                0x08006a7e                __sfputs_r
 *fill*         0x08006aa2        0x2 
 .text._vfprintf_r
                0x08006aa4      0x230 O:/ST/STM32CubeIDE_2.0.0/STM32CubeIDE/plugins/com.st.stm32cube.ide.mcu.externaltools.gnu-tools-for-stm32.13.3.rel1.win32_1.0.100.202509120712/tools/bin/../lib/gcc/arm-none-eabi/13.3.1/../../../../arm-none-eabi/lib/thumb/v7-m/nofp\libc_nano.a(libc_a-nano-vfprintf.o)
                0x08006aa4                _vfprintf_r
                0x08006aa4                _vfiprintf_r
 .text._printf_common
                0x08006cd4       0xe4 O:/ST/STM32CubeIDE_2.0.0/STM32CubeIDE/plugins/com.st.stm32cube.ide.mcu.externaltools.gnu-tools-for-stm32.13.3.rel1.win32_1.0.100.202509120712/tools/bin/../lib/gcc/arm-none-eabi/13.3.1/../../../../arm-none-eabi/lib/thumb/v7-m/nofp\libc_nano.a(libc_a-nano-vfprintf_i.o)
                0x08006cd4                _printf_common
 .text._printf_i
                0x08006db8      0x23c O:/ST/STM32CubeIDE_2.0.0/STM32CubeIDE/plugins/com.st.stm32cube.ide.mcu.externaltools.gnu-tools-for-stm32.13.3.rel1.win32_1.0.100.202509120712/tools/bin/../lib/gcc/arm-none-eabi/13.3.1/../../../../arm-none-eabi/lib/thumb/v7-m/nofp\libc_nano.a(libc_a-nano-vfprintf_i.o)
                0x08006db8                _printf_i
 .text.__sflush_r
                0x08006ff4      0x100 O:/ST/STM32CubeIDE_2.0.0/STM32CubeIDE/plugins/com.st.stm32cube.ide.mcu.externaltools.gnu-tools-for-stm32.13.3.rel1.win32_1.0.100.202509120712/tools/bin/../lib/gcc/arm-none-eabi/13.3.1/../../../../arm-none-eabi/lib/thumb/v7-m/nofp\libc_nano.a(libc_a-fflush.o)
                0x08006ff4                __sflush_r
 .text._fflush_r
                0x080070f4       0x50 O:/ST/STM32CubeIDE_2.0.0/STM32CubeIDE/plugins/com.st.stm32cube.ide.mcu.externaltools.gnu-tools-for-stm32.13.3.rel1.win32_1.0.100.202509120712/tools/bin/../lib/gcc/arm-none-eabi/13.3.1/../../../../arm-none-eabi/lib/thumb/v7-m/nofp\libc_nano.a(libc_a-fflush.o)
                0x080070f4                _fflush_r
 .text.__swhatbuf_r
                0x08007144       0x4a O:/ST/STM32CubeIDE_2.0.0/STM32CubeIDE/plugins/com.st.stm32cube.ide.mcu.externaltools.gnu-tools-for-stm32.13.3.rel1.win32_1.0.100.202509120712/tools/bin/../lib/gcc/arm-none-eabi/13.3.1/../../../../arm-none-eabi/lib/thumb/v7-m/nofp\libc_nano.a(libc_a-makebuf.o)
                0x08007144                __swhatbuf_r
 .text.__smakebuf_r
                0x0800718e       0x78 O:/ST/STM32CubeIDE_2.0.0/STM32CubeIDE/plugins/com.st.stm32cube.ide.mcu.externaltools.gnu-tools-for-stm32.13.3.rel1.win32_1.0.100.202509120712/tools/bin/../lib/gcc/arm-none-eabi/13.3.1/../../../../arm-none-eabi/lib/thumb/v7-m/nofp\libc_nano.a(libc_a-makebuf.o)
                0x0800718e                __smakebuf_r
 .text.memmove  0x08007206       0x34 O:/ST/STM32CubeIDE_2.0.0/STM32CubeIDE/plugins/com.st.stm32cube.ide.mcu.externaltools.gnu-tools-for-stm32.13.3.rel1.win32_1.0.100.202509120712/tools/bin/../lib/gcc/arm-none-eabi/13.3.1/../../../../arm-none-eabi/lib/thumb/v7-m/nofp\libc_nano.a(libc_a-memmove.o)
                0x08007206                memmove
 *fill*         0x0800723a        0x2 
 .text._fstat_r
                0x0800723c       0x24 O:/ST/STM32CubeIDE_2.0.0/STM32CubeIDE/plugins/com.st.stm32cube.ide.mcu.externaltools.gnu-tools-for-stm32.13.3.rel1.win32_1.0.100.202509120712/tools/bin/../lib/gcc/arm-none-eabi/13.3.1/../../../../arm-none-eabi/lib/thumb/v7-m/nofp\libc_nano.a(libc_a-fstatr.o)
                0x0800723c                _fstat_r
 .text._isatty_r
                0x08007260       0x20 O:/ST/STM32CubeIDE_2.0.0/STM32CubeIDE/plugins/com.st.stm32cube.ide.mcu.externaltools.gnu-tools-for-stm32.13.3.rel1.win32_1.0.100.202509120712/tools/bin/../lib/gcc/arm-none-eabi/13.3.1/../../../../arm-none-eabi/lib/thumb/v7-m/nofp\libc_nano.a(libc_a-isattyr.o)
                0x08007260                _isatty_r
 .text._sbrk_r  0x08007280       0x20 O:/ST/STM32CubeIDE_2.0.0/STM32CubeIDE/plugins/com.st.stm32cube.ide.mcu.externaltools.gnu-tools-for-stm32.13.3.rel1.win32_1.0.100.202509120712/tools/bin/../lib/gcc/arm-none-eabi/13.3.1/../../../../arm-none-eabi/lib/thumb/v7-m/nofp\libc_nano.a(libc_a-sbrkr.o)
                0x08007280                _sbrk_r
 .text.memchr   0x080072a0       0x1c O:/ST/STM32CubeIDE_2.0.0/STM32CubeIDE/plugins/com.st.stm32cube.ide.mcu.externaltools.gnu-tools-for-stm32.13.3.rel1.win32_1.0.100.202509120712/tools/bin/../lib/gcc/arm-none-eabi/13.3.1/../../../../arm-none-eabi/lib/thumb/v7-m/nofp\libc_nano.a(libc_a-memchr-stub.o)
                0x080072a0                memchr
 .text.memcpy   0x080072bc       0x1c O:/ST/STM32CubeIDE_2.0.0/STM32CubeIDE/plugins/com.st.stm32cube.ide.mcu.externaltools.gnu-tools-for-stm32.13.3.rel1.win32_1.0.100.202509120712/tools/bin/../lib/gcc/arm-none-eabi/13.3.1/../../../../arm-none-eabi/lib/thumb/v7-m/nofp\libc_nano.a(libc_a-memcpy-stub.o)
                0x080072bc                memcpy
 .text._realloc_r
                0x080072d8       0x5c O:/ST/STM32CubeIDE_2.0.0/STM32CubeIDE/plugins/com.st.stm32cube.ide.mcu.externaltools.gnu-tools-for-stm32.13.3.rel1.win32_1.0.100.202509120712/tools/bin/../lib/gcc/arm-none-eabi/13.3.1/../../../../arm-none-eabi/lib/thumb/v7-m/nofp\libc_nano.a(libc_a-reallocr.o)
                0x080072d8                _realloc_r
 .text._malloc_usable_size_r
                0x08007334       0x10 O:/ST/STM32CubeIDE_2.0.0/STM32CubeIDE/plugins/com.st.stm32cube.ide.mcu.externaltools.gnu-tools-for-stm32.13.3.rel1.win32_1.0.100.202509120712/tools/bin/../lib/gcc/arm-none-eabi/13.3.1/../../../../arm-none-eabi/lib/thumb/v7-m/nofp\libc_nano.a(libc_a-msizer.o)
                0x08007334                _malloc_usable_size_r
 *(.glue_7)
 .glue_7        0x08007344        0x0 linker stubs
 *(.glue_7t)
 .glue_7t       0x08007344        0x0 linker stubs
 *(.eh_frame)
 .eh_frame      0x08007344        0x0 O:/ST/STM32CubeIDE_2.0.0/STM32CubeIDE/plugins/com.st.stm32cube.ide.mcu.externaltools.gnu-tools-for-stm32.13.3.rel1.win32_1.0.100.202509120712/tools/bin/../lib/gcc/arm-none-eabi/13.3.1/thumb/v7-m/nofp/crtbegin.o
 *(.init)
 .init          0x08007344        0x4 O:/ST/STM32CubeIDE_2.0.0/STM32CubeIDE/plugins/com.st.stm32cube.ide.mcu.externaltools.gnu-tools-for-stm32.13.3.rel1.win32_1.0.100.202509120712/tools/bin/../lib/gcc/arm-none-eabi/13.3.1/thumb/v7-m/nofp/crti.o
                0x08007344                _init
 .init          0x08007348        0x8 O:/ST/STM32CubeIDE_2.0.0/STM32CubeIDE/plugins/com.st.stm32cube.ide.mcu.externaltools.gnu-tools-for-stm32.13.3.rel1.win32_1.0.100.202509120712/tools/bin/../lib/gcc/arm-none-eabi/13.3.1/thumb/v7-m/nofp/crtn.o
 *(.fini)
 .fini          0x08007350        0x4 O:/ST/STM32CubeIDE_2.0.0/STM32CubeIDE/plugins/com.st.stm32cube.ide.mcu.externaltools.gnu-tools-for-stm32.13.3.rel1.win32_1.0.100.202509120712/tools/bin/../lib/gcc/arm-none-eabi/13.3.1/thumb/v7-m/nofp/crti.o
                0x08007350                _fini
 .fini          0x08007354        0x8 O:/ST/STM32CubeIDE_2.0.0/STM32CubeIDE/plugins/com.st.stm32cube.ide.mcu.externaltools.gnu-tools-for-stm32.13.3.rel1.win32_1.0.100.202509120712/tools/bin/../lib/gcc/arm-none-eabi/13.3.1/thumb/v7-m/nofp/crtn.o
                0x0800735c                        . = ALIGN (0x4)
                0x0800735c                        _etext = .

.vfp11_veneer   0x0800735c        0x0
 .vfp11_veneer  0x0800735c        0x0 linker stubs

.v4_bx          0x0800735c        0x0
 .v4_bx         0x0800735c        0x0 linker stubs

.iplt           0x0800735c        0x0
 .iplt          0x0800735c        0x0 O:/ST/STM32CubeIDE_2.0.0/STM32CubeIDE/plugins/com.st.stm32cube.ide.mcu.externaltools.gnu-tools-for-stm32.13.3.rel1.win32_1.0.100.202509120712/tools/bin/../lib/gcc/arm-none-eabi/13.3.1/thumb/v7-m/nofp/crtbegin.o

.rodata         0x0800735c      0x9f8
                0x0800735c                        . = ALIGN (0x4)
 *(.rodata)
 .rodata        0x0800735c      0x3dc ./Core/Src/sd_functions.o
 .rodata        0x08007738       0x58 ./Middlewares/Third_Party/FatFs/src/ff.o
 *(.rodata*)
 .rodata.SD_Driver
                0x08007790       0x14 ./Core/Src/sd_diskio_spi.o
                0x08007790                SD_Driver
 .rodata.AHBPrescTable
                0x080077a4       0x10 ./Core/Src/system_stm32f1xx.o
                0x080077a4                AHBPrescTable
 .rodata.APBPrescTable
                0x080077b4        0x8 ./Core/Src/system_stm32f1xx.o
                0x080077b4                APBPrescTable
 .rodata.aPLLMULFactorTable.1
                0x080077bc       0x10 ./Drivers/STM32F1xx_HAL_Driver/Src/stm32f1xx_hal_rcc.o
 .rodata.aPredivFactorTable.0
                0x080077cc        0x2 ./Drivers/STM32F1xx_HAL_Driver/Src/stm32f1xx_hal_rcc.o
 *fill*         0x080077ce        0x2 
 .rodata.ExCvt  0x080077d0       0x80 ./Middlewares/Third_Party/FatFs/src/ff.o
 .rodata.LfnOfs
                0x08007850        0xd ./Middlewares/Third_Party/FatFs/src/ff.o
 *fill*         0x0800785d        0x3 
 .rodata.Tbl    0x08007860      0x100 ./Middlewares/Third_Party/FatFs/src/option/ccsbcs.o
 .rodata.tbl_lower.1
                0x08007960      0x1e0 ./Middlewares/Third_Party/FatFs/src/option/ccsbcs.o
 .rodata.tbl_upper.0
                0x08007b40      0x1e0 ./Middlewares/Third_Party/FatFs/src/option/ccsbcs.o
 .rodata._svfprintf_r.str1.1
                0x08007d20       0x33 O:/ST/STM32CubeIDE_2.0.0/STM32CubeIDE/plugins/com.st.stm32cube.ide.mcu.externaltools.gnu-tools-for-stm32.13.3.rel1.win32_1.0.100.202509120712/tools/bin/../lib/gcc/arm-none-eabi/13.3.1/../../../../arm-none-eabi/lib/thumb/v7-m/nofp\libc_nano.a(libc_a-nano-svfprintf.o)
                                 0x11 (size before relaxing)
 .rodata._vfprintf_r.str1.1
                0x08007d53        0x0 O:/ST/STM32CubeIDE_2.0.0/STM32CubeIDE/plugins/com.st.stm32cube.ide.mcu.externaltools.gnu-tools-for-stm32.13.3.rel1.win32_1.0.100.202509120712/tools/bin/../lib/gcc/arm-none-eabi/13.3.1/../../../../arm-none-eabi/lib/thumb/v7-m/nofp\libc_nano.a(libc_a-nano-vfprintf.o)
                                 0x11 (size before relaxing)
 .rodata._printf_i.str1.1
                0x08007d53        0x0 O:/ST/STM32CubeIDE_2.0.0/STM32CubeIDE/plugins/com.st.stm32cube.ide.mcu.externaltools.gnu-tools-for-stm32.13.3.rel1.win32_1.0.100.202509120712/tools/bin/../lib/gcc/arm-none-eabi/13.3.1/../../../../arm-none-eabi/lib/thumb/v7-m/nofp\libc_nano.a(libc_a-nano-vfprintf_i.o)
                                 0x22 (size before relaxing)
                0x08007d54                        . = ALIGN (0x4)
 *fill*         0x08007d53        0x1 

.ARM.extab      0x08007d54        0x0
                0x08007d54                        . = ALIGN (0x4)
 *(.ARM.extab* .gnu.linkonce.armextab.*)
                0x08007d54                        . = ALIGN (0x4)

.ARM            0x08007d54        0x8
                0x08007d54                        . = ALIGN (0x4)
                0x08007d54                        __exidx_start = .
 *(.ARM.exidx*)
 .ARM.exidx     0x08007d54        0x8 O:/ST/STM32CubeIDE_2.0.0/STM32CubeIDE/plugins/com.st.stm32cube.ide.mcu.externaltools.gnu-tools-for-stm32.13.3.rel1.win32_1.0.100.202509120712/tools/bin/../lib/gcc/arm-none-eabi/13.3.1/../../../../arm-none-eabi/lib/thumb/v7-m/nofp\libc_nano.a(libc_a-strcmp.o)
                0x08007d5c                        __exidx_end = .
                0x08007d5c                        . = ALIGN (0x4)

.preinit_array  0x08007d5c        0x0
                0x08007d5c                        . = ALIGN (0x4)
                0x08007d5c                        PROVIDE (__preinit_array_start = .)
 *(.preinit_array*)
                0x08007d5c                        PROVIDE (__preinit_array_end = .)
                0x08007d5c                        . = ALIGN (0x4)

.init_array     0x08007d5c        0x4
                0x08007d5c                        . = ALIGN (0x4)
                0x08007d5c                        PROVIDE (__init_array_start = .)
 *(SORT_BY_NAME(.init_array.*))
 *(.init_array*)
 .init_array    0x08007d5c        0x4 O:/ST/STM32CubeIDE_2.0.0/STM32CubeIDE/plugins/com.st.stm32cube.ide.mcu.externaltools.gnu-tools-for-stm32.13.3.rel1.win32_1.0.100.202509120712/tools/bin/../lib/gcc/arm-none-eabi/13.3.1/thumb/v7-m/nofp/crtbegin.o
                0x08007d60                        PROVIDE (__init_array_end = .)
                0x08007d60                        . = ALIGN (0x4)

.fini_array     0x08007d60        0x4
                0x08007d60                        . = ALIGN (0x4)
                [!provide]                        PROVIDE (__fini_array_start = .)
 *(SORT_BY_NAME(.fini_array.*))
 *(.fini_array*)
 .fini_array    0x08007d60        0x4 O:/ST/STM32CubeIDE_2.0.0/STM32CubeIDE/plugins/com.st.stm32cube.ide.mcu.externaltools.gnu-tools-for-stm32.13.3.rel1.win32_1.0.100.202509120712/tools/bin/../lib/gcc/arm-none-eabi/13.3.1/thumb/v7-m/nofp/crtbegin.o
                [!provide]                        PROVIDE (__fini_array_end = .)
                0x08007d64                        . = ALIGN (0x4)
                0x08007d64                        _sidata = LOADADDR (.data)

.rel.dyn        0x08007d64        0x0
 .rel.iplt      0x08007d64        0x0 O:/ST/STM32CubeIDE_2.0.0/STM32CubeIDE/plugins/com.st.stm32cube.ide.mcu.externaltools.gnu-tools-for-stm32.13.3.rel1.win32_1.0.100.202509120712/tools/bin/../lib/gcc/arm-none-eabi/13.3.1/thumb/v7-m/nofp/crtbegin.o

.data           0x20000000       0x68 load address 0x08007d64
                0x20000000                        . = ALIGN (0x4)
                0x20000000                        _sdata = .
 *(.data)
 *(.data*)
 .data.SystemCoreClock
                0x20000000        0x4 ./Core/Src/system_stm32f1xx.o
                0x20000000                SystemCoreClock
 .data.uwTickPrio
                0x20000004        0x4 ./Drivers/STM32F1xx_HAL_Driver/Src/stm32f1xx_hal.o
                0x20000004                uwTickPrio
 .data.uwTickFreq
                0x20000008        0x1 ./Drivers/STM32F1xx_HAL_Driver/Src/stm32f1xx_hal.o
                0x20000008                uwTickFreq
 *fill*         0x20000009        0x3 
 .data.__sglue  0x2000000c        0xc O:/ST/STM32CubeIDE_2.0.0/STM32CubeIDE/plugins/com.st.stm32cube.ide.mcu.externaltools.gnu-tools-for-stm32.13.3.rel1.win32_1.0.100.202509120712/tools/bin/../lib/gcc/arm-none-eabi/13.3.1/../../../../arm-none-eabi/lib/thumb/v7-m/nofp\libc_nano.a(libc_a-findfp.o)
                0x2000000c                __sglue
 .data._impure_ptr
                0x20000018        0x4 O:/ST/STM32CubeIDE_2.0.0/STM32CubeIDE/plugins/com.st.stm32cube.ide.mcu.externaltools.gnu-tools-for-stm32.13.3.rel1.win32_1.0.100.202509120712/tools/bin/../lib/gcc/arm-none-eabi/13.3.1/../../../../arm-none-eabi/lib/thumb/v7-m/nofp\libc_nano.a(libc_a-impure.o)
                0x20000018                _impure_ptr
 .data._impure_data
                0x2000001c       0x4c O:/ST/STM32CubeIDE_2.0.0/STM32CubeIDE/plugins/com.st.stm32cube.ide.mcu.externaltools.gnu-tools-for-stm32.13.3.rel1.win32_1.0.100.202509120712/tools/bin/../lib/gcc/arm-none-eabi/13.3.1/../../../../arm-none-eabi/lib/thumb/v7-m/nofp\libc_nano.a(libc_a-impure.o)
                0x2000001c                _impure_data
 *(.RamFunc)
 *(.RamFunc*)
                0x20000068                        . = ALIGN (0x4)
                0x20000068                        _edata = .

.igot.plt       0x20000068        0x0 load address 0x08007dcc
 .igot.plt      0x20000068        0x0 O:/ST/STM32CubeIDE_2.0.0/STM32CubeIDE/plugins/com.st.stm32cube.ide.mcu.externaltools.gnu-tools-for-stm32.13.3.rel1.win32_1.0.100.202509120712/tools/bin/../lib/gcc/arm-none-eabi/13.3.1/thumb/v7-m/nofp/crtbegin.o
                0x20000068                        . = ALIGN (0x4)

.bss            0x20000068      0x9ec load address 0x08007dcc
                0x20000068                        _sbss = .
                0x20000068                        __bss_start__ = _sbss
 *(.bss)
 .bss           0x20000068       0x1c O:/ST/STM32CubeIDE_2.0.0/STM32CubeIDE/plugins/com.st.stm32cube.ide.mcu.externaltools.gnu-tools-for-stm32.13.3.rel1.win32_1.0.100.202509120712/tools/bin/../lib/gcc/arm-none-eabi/13.3.1/thumb/v7-m/nofp/crtbegin.o
 *(.bss*)
 .bss.hspi1     0x20000084       0x58 ./Core/Src/main.o
                0x20000084                hspi1
 .bss.hspi2     0x200000dc       0x58 ./Core/Src/main.o
                0x200000dc                hspi2
 .bss.hdma_spi1_tx
                0x20000134       0x44 ./Core/Src/main.o
                0x20000134                hdma_spi1_tx
 .bss.hdma_spi1_rx
                0x20000178       0x44 ./Core/Src/main.o
                0x20000178                hdma_spi1_rx
 .bss.huart1    0x200001bc       0x48 ./Core/Src/main.o
                0x200001bc                huart1
 .bss.huart2    0x20000204       0x48 ./Core/Src/main.o
                0x20000204                huart2
 .bss.sd_path   0x2000024c        0x4 ./Core/Src/sd_functions.o
                0x2000024c                sd_path
 .bss.fs        0x20000250      0x230 ./Core/Src/sd_functions.o
                0x20000250                fs
 .bss.dir       0x20000480      0x228 ./Core/Src/sd_functions.o
 .bss.fno       0x200006a8       0x20 ./Core/Src/sd_functions.o
 .bss.dma_tx_done
                0x200006c8        0x4 ./Core/Src/sd_spi.o
                0x200006c8                dma_tx_done
 .bss.dma_rx_done
                0x200006cc        0x4 ./Core/Src/sd_spi.o
                0x200006cc                dma_rx_done
 .bss.sdhc      0x200006d0        0x1 ./Core/Src/sd_spi.o
 .bss.card_initialized
                0x200006d1        0x1 ./Core/Src/sd_spi.o
                0x200006d1                card_initialized
 *fill*         0x200006d2        0x2 
 .bss.tx_dummy.0
                0x200006d4      0x200 ./Core/Src/sd_spi.o
 .bss.__sbrk_heap_end
                0x200008d4        0x4 ./Core/Src/sysmem.o
 .bss.uwTick    0x200008d8        0x4 ./Drivers/STM32F1xx_HAL_Driver/Src/stm32f1xx_hal.o
                0x200008d8                uwTick
 .bss.FatFs     0x200008dc        0x4 ./Middlewares/Third_Party/FatFs/src/ff.o
 .bss.Fsid      0x200008e0        0x2 ./Middlewares/Third_Party/FatFs/src/ff.o
 *fill*         0x200008e2        0x2 
 .bss.Files     0x200008e4       0x18 ./Middlewares/Third_Party/FatFs/src/ff.o
 .bss.disk      0x200008fc        0xc ./Middlewares/Third_Party/FatFs/src/ff_gen_drv.o
                0x200008fc                disk
 .bss.__sf      0x20000908      0x138 O:/ST/STM32CubeIDE_2.0.0/STM32CubeIDE/plugins/com.st.stm32cube.ide.mcu.externaltools.gnu-tools-for-stm32.13.3.rel1.win32_1.0.100.202509120712/tools/bin/../lib/gcc/arm-none-eabi/13.3.1/../../../../arm-none-eabi/lib/thumb/v7-m/nofp\libc_nano.a(libc_a-findfp.o)
                0x20000908                __sf
 .bss.__stdio_exit_handler
                0x20000a40        0x4 O:/ST/STM32CubeIDE_2.0.0/STM32CubeIDE/plugins/com.st.stm32cube.ide.mcu.externaltools.gnu-tools-for-stm32.13.3.rel1.win32_1.0.100.202509120712/tools/bin/../lib/gcc/arm-none-eabi/13.3.1/../../../../arm-none-eabi/lib/thumb/v7-m/nofp\libc_nano.a(libc_a-findfp.o)
                0x20000a40                __stdio_exit_handler
 .bss.errno     0x20000a44        0x4 O:/ST/STM32CubeIDE_2.0.0/STM32CubeIDE/plugins/com.st.stm32cube.ide.mcu.externaltools.gnu-tools-for-stm32.13.3.rel1.win32_1.0.100.202509120712/tools/bin/../lib/gcc/arm-none-eabi/13.3.1/../../../../arm-none-eabi/lib/thumb/v7-m/nofp\libc_nano.a(libc_a-reent.o)
                0x20000a44                errno
 .bss.__lock___malloc_recursive_mutex
                0x20000a48        0x1 O:/ST/STM32CubeIDE_2.0.0/STM32CubeIDE/plugins/com.st.stm32cube.ide.mcu.externaltools.gnu-tools-for-stm32.13.3.rel1.win32_1.0.100.202509120712/tools/bin/../lib/gcc/arm-none-eabi/13.3.1/../../../../arm-none-eabi/lib/thumb/v7-m/nofp\libc_nano.a(libc_a-lock.o)
                0x20000a48                __lock___malloc_recursive_mutex
 .bss.__lock___sfp_recursive_mutex
                0x20000a49        0x1 O:/ST/STM32CubeIDE_2.0.0/STM32CubeIDE/plugins/com.st.stm32cube.ide.mcu.externaltools.gnu-tools-for-stm32.13.3.rel1.win32_1.0.100.202509120712/tools/bin/../lib/gcc/arm-none-eabi/13.3.1/../../../../arm-none-eabi/lib/thumb/v7-m/nofp\libc_nano.a(libc_a-lock.o)
                0x20000a49                __lock___sfp_recursive_mutex
 *fill*         0x20000a4a        0x2 
 .bss.__malloc_sbrk_start
                0x20000a4c        0x4 O:/ST/STM32CubeIDE_2.0.0/STM32CubeIDE/plugins/com.st.stm32cube.ide.mcu.externaltools.gnu-tools-for-stm32.13.3.rel1.win32_1.0.100.202509120712/tools/bin/../lib/gcc/arm-none-eabi/13.3.1/../../../../arm-none-eabi/lib/thumb/v7-m/nofp\libc_nano.a(libc_a-mallocr.o)
                0x20000a4c                __malloc_sbrk_start
 .bss.__malloc_free_list
                0x20000a50        0x4 O:/ST/STM32CubeIDE_2.0.0/STM32CubeIDE/plugins/com.st.stm32cube.ide.mcu.externaltools.gnu-tools-for-stm32.13.3.rel1.win32_1.0.100.202509120712/tools/bin/../lib/gcc/arm-none-eabi/13.3.1/../../../../arm-none-eabi/lib/thumb/v7-m/nofp\libc_nano.a(libc_a-mallocr.o)
                0x20000a50                __malloc_free_list
 *(COMMON)
                0x20000a54                        . = ALIGN (0x4)
                0x20000a54                        _ebss = .
                0x20000a54                        __bss_end__ = _ebss

._user_heap_stack
                0x20000a54      0x604 load address 0x08007dcc
                0x20000a58                        . = ALIGN (0x8)
 *fill*         0x20000a54        0x4 
                [!provide]                        PROVIDE (end = .)
                0x20000a58                        PROVIDE (_end = .)
                0x20000c58                        . = (. + _Min_Heap_Size)
 *fill*         0x20000a58      0x200 
                0x20001058                        . = (. + _Min_Stack_Size)
 *fill*         0x20000c58      0x400 
                0x20001058                        . = ALIGN (0x8)

/DISCARD/
 libc.a(*)
 libm.a(*)
 libgcc.a(*)

.ARM.attributes
                0x00000000       0x29
 *(.ARM.attributes)
 .ARM.attributes
                0x00000000       0x1d O:/ST/STM32CubeIDE_2.0.0/STM32CubeIDE/plugins/com.st.stm32cube.ide.mcu.externaltools.gnu-tools-for-stm32.13.3.rel1.win32_1.0.100.202509120712/tools/bin/../lib/gcc/arm-none-eabi/13.3.1/thumb/v7-m/nofp/crti.o
 .ARM.attributes
                0x0000001d       0x2d O:/ST/STM32CubeIDE_2.0.0/STM32CubeIDE/plugins/com.st.stm32cube.ide.mcu.externaltools.gnu-tools-for-stm32.13.3.rel1.win32_1.0.100.202509120712/tools/bin/../lib/gcc/arm-none-eabi/13.3.1/thumb/v7-m/nofp/crtbegin.o
 .ARM.attributes
                0x0000004a       0x2d ./Core/Src/main.o
 .ARM.attributes
                0x00000077       0x2d ./Core/Src/sd_diskio_spi.o
 .ARM.attributes
                0x000000a4       0x2d ./Core/Src/sd_functions.o
 .ARM.attributes
                0x000000d1       0x2d ./Core/Src/sd_spi.o
 .ARM.attributes
                0x000000fe       0x2d ./Core/Src/stm32f1xx_hal_msp.o
 .ARM.attributes
                0x0000012b       0x2d ./Core/Src/stm32f1xx_it.o
 .ARM.attributes
                0x00000158       0x2d ./Core/Src/syscalls.o
 .ARM.attributes
                0x00000185       0x2d ./Core/Src/sysmem.o
 .ARM.attributes
                0x000001b2       0x2d ./Core/Src/system_stm32f1xx.o
 .ARM.attributes
                0x000001df       0x21 ./Core/Startup/startup_stm32f103rbtx.o
 .ARM.attributes
                0x00000200       0x2d ./Drivers/STM32F1xx_HAL_Driver/Src/stm32f1xx_hal.o
 .ARM.attributes
                0x0000022d       0x2d ./Drivers/STM32F1xx_HAL_Driver/Src/stm32f1xx_hal_cortex.o
 .ARM.attributes
                0x0000025a       0x2d ./Drivers/STM32F1xx_HAL_Driver/Src/stm32f1xx_hal_dma.o
 .ARM.attributes
                0x00000287       0x2d ./Drivers/STM32F1xx_HAL_Driver/Src/stm32f1xx_hal_gpio.o
 .ARM.attributes
                0x000002b4       0x2d ./Drivers/STM32F1xx_HAL_Driver/Src/stm32f1xx_hal_rcc.o
 .ARM.attributes
                0x000002e1       0x2d ./Drivers/STM32F1xx_HAL_Driver/Src/stm32f1xx_hal_spi.o
 .ARM.attributes
                0x0000030e       0x2d ./Drivers/STM32F1xx_HAL_Driver/Src/stm32f1xx_hal_uart.o
 .ARM.attributes
                0x0000033b       0x2d ./Middlewares/Third_Party/FatFs/src/diskio.o
 .ARM.attributes
                0x00000368       0x2d ./Middlewares/Third_Party/FatFs/src/ff.o
 .ARM.attributes
                0x00000395       0x2d ./Middlewares/Third_Party/FatFs/src/ff_gen_drv.o
 .ARM.attributes
                0x000003c2       0x2d ./Middlewares/Third_Party/FatFs/src/option/ccsbcs.o
 .ARM.attributes
                0x000003ef       0x2d O:/ST/STM32CubeIDE_2.0.0/STM32CubeIDE/plugins/com.st.stm32cube.ide.mcu.externaltools.gnu-tools-for-stm32.13.3.rel1.win32_1.0.100.202509120712/tools/bin/../lib/gcc/arm-none-eabi/13.3.1/../../../../arm-none-eabi/lib/thumb/v7-m/nofp\libc_nano.a(libc_a-findfp.o)
 .ARM.attributes
                0x0000041c       0x2d O:/ST/STM32CubeIDE_2.0.0/STM32CubeIDE/plugins/com.st.stm32cube.ide.mcu.externaltools.gnu-tools-for-stm32.13.3.rel1.win32_1.0.100.202509120712/tools/bin/../lib/gcc/arm-none-eabi/13.3.1/../../../../arm-none-eabi/lib/thumb/v7-m/nofp\libc_nano.a(libc_a-fwalk.o)
 .ARM.attributes
                0x00000449       0x2d O:/ST/STM32CubeIDE_2.0.0/STM32CubeIDE/plugins/com.st.stm32cube.ide.mcu.externaltools.gnu-tools-for-stm32.13.3.rel1.win32_1.0.100.202509120712/tools/bin/../lib/gcc/arm-none-eabi/13.3.1/../../../../arm-none-eabi/lib/thumb/v7-m/nofp\libc_nano.a(libc_a-printf.o)
 .ARM.attributes
                0x00000476       0x2d O:/ST/STM32CubeIDE_2.0.0/STM32CubeIDE/plugins/com.st.stm32cube.ide.mcu.externaltools.gnu-tools-for-stm32.13.3.rel1.win32_1.0.100.202509120712/tools/bin/../lib/gcc/arm-none-eabi/13.3.1/../../../../arm-none-eabi/lib/thumb/v7-m/nofp\libc_nano.a(libc_a-puts.o)
 .ARM.attributes
                0x000004a3       0x2d O:/ST/STM32CubeIDE_2.0.0/STM32CubeIDE/plugins/com.st.stm32cube.ide.mcu.externaltools.gnu-tools-for-stm32.13.3.rel1.win32_1.0.100.202509120712/tools/bin/../lib/gcc/arm-none-eabi/13.3.1/../../../../arm-none-eabi/lib/thumb/v7-m/nofp\libc_nano.a(libc_a-snprintf.o)
 .ARM.attributes
                0x000004d0       0x2d O:/ST/STM32CubeIDE_2.0.0/STM32CubeIDE/plugins/com.st.stm32cube.ide.mcu.externaltools.gnu-tools-for-stm32.13.3.rel1.win32_1.0.100.202509120712/tools/bin/../lib/gcc/arm-none-eabi/13.3.1/../../../../arm-none-eabi/lib/thumb/v7-m/nofp\libc_nano.a(libc_a-stdio.o)
 .ARM.attributes
                0x000004fd       0x2d O:/ST/STM32CubeIDE_2.0.0/STM32CubeIDE/plugins/com.st.stm32cube.ide.mcu.externaltools.gnu-tools-for-stm32.13.3.rel1.win32_1.0.100.202509120712/tools/bin/../lib/gcc/arm-none-eabi/13.3.1/../../../../arm-none-eabi/lib/thumb/v7-m/nofp\libc_nano.a(libc_a-wbuf.o)
 .ARM.attributes
                0x0000052a       0x2d O:/ST/STM32CubeIDE_2.0.0/STM32CubeIDE/plugins/com.st.stm32cube.ide.mcu.externaltools.gnu-tools-for-stm32.13.3.rel1.win32_1.0.100.202509120712/tools/bin/../lib/gcc/arm-none-eabi/13.3.1/../../../../arm-none-eabi/lib/thumb/v7-m/nofp\libc_nano.a(libc_a-wsetup.o)
 .ARM.attributes
                0x00000557       0x2d O:/ST/STM32CubeIDE_2.0.0/STM32CubeIDE/plugins/com.st.stm32cube.ide.mcu.externaltools.gnu-tools-for-stm32.13.3.rel1.win32_1.0.100.202509120712/tools/bin/../lib/gcc/arm-none-eabi/13.3.1/../../../../arm-none-eabi/lib/thumb/v7-m/nofp\libc_nano.a(libc_a-memset.o)
 .ARM.attributes
                0x00000584       0x2d O:/ST/STM32CubeIDE_2.0.0/STM32CubeIDE/plugins/com.st.stm32cube.ide.mcu.externaltools.gnu-tools-for-stm32.13.3.rel1.win32_1.0.100.202509120712/tools/bin/../lib/gcc/arm-none-eabi/13.3.1/../../../../arm-none-eabi/lib/thumb/v7-m/nofp\libc_nano.a(libc_a-closer.o)
 .ARM.attributes
                0x000005b1       0x2d O:/ST/STM32CubeIDE_2.0.0/STM32CubeIDE/plugins/com.st.stm32cube.ide.mcu.externaltools.gnu-tools-for-stm32.13.3.rel1.win32_1.0.100.202509120712/tools/bin/../lib/gcc/arm-none-eabi/13.3.1/../../../../arm-none-eabi/lib/thumb/v7-m/nofp\libc_nano.a(libc_a-reent.o)
 .ARM.attributes
                0x000005de       0x2d O:/ST/STM32CubeIDE_2.0.0/STM32CubeIDE/plugins/com.st.stm32cube.ide.mcu.externaltools.gnu-tools-for-stm32.13.3.rel1.win32_1.0.100.202509120712/tools/bin/../lib/gcc/arm-none-eabi/13.3.1/../../../../arm-none-eabi/lib/thumb/v7-m/nofp\libc_nano.a(libc_a-impure.o)
 .ARM.attributes
                0x0000060b       0x2d O:/ST/STM32CubeIDE_2.0.0/STM32CubeIDE/plugins/com.st.stm32cube.ide.mcu.externaltools.gnu-tools-for-stm32.13.3.rel1.win32_1.0.100.202509120712/tools/bin/../lib/gcc/arm-none-eabi/13.3.1/../../../../arm-none-eabi/lib/thumb/v7-m/nofp\libc_nano.a(libc_a-lseekr.o)
 .ARM.attributes
                0x00000638       0x2d O:/ST/STM32CubeIDE_2.0.0/STM32CubeIDE/plugins/com.st.stm32cube.ide.mcu.externaltools.gnu-tools-for-stm32.13.3.rel1.win32_1.0.100.202509120712/tools/bin/../lib/gcc/arm-none-eabi/13.3.1/../../../../arm-none-eabi/lib/thumb/v7-m/nofp\libc_nano.a(libc_a-readr.o)
 .ARM.attributes
                0x00000665       0x2d O:/ST/STM32CubeIDE_2.0.0/STM32CubeIDE/plugins/com.st.stm32cube.ide.mcu.externaltools.gnu-tools-for-stm32.13.3.rel1.win32_1.0.100.202509120712/tools/bin/../lib/gcc/arm-none-eabi/13.3.1/../../../../arm-none-eabi/lib/thumb/v7-m/nofp\libc_nano.a(libc_a-writer.o)
 .ARM.attributes
                0x00000692       0x2d O:/ST/STM32CubeIDE_2.0.0/STM32CubeIDE/plugins/com.st.stm32cube.ide.mcu.externaltools.gnu-tools-for-stm32.13.3.rel1.win32_1.0.100.202509120712/tools/bin/../lib/gcc/arm-none-eabi/13.3.1/../../../../arm-none-eabi/lib/thumb/v7-m/nofp\libc_nano.a(libc_a-errno.o)
 .ARM.attributes
                0x000006bf       0x2d O:/ST/STM32CubeIDE_2.0.0/STM32CubeIDE/plugins/com.st.stm32cube.ide.mcu.externaltools.gnu-tools-for-stm32.13.3.rel1.win32_1.0.100.202509120712/tools/bin/../lib/gcc/arm-none-eabi/13.3.1/../../../../arm-none-eabi/lib/thumb/v7-m/nofp\libc_nano.a(libc_a-init.o)
 .ARM.attributes
                0x000006ec       0x2d O:/ST/STM32CubeIDE_2.0.0/STM32CubeIDE/plugins/com.st.stm32cube.ide.mcu.externaltools.gnu-tools-for-stm32.13.3.rel1.win32_1.0.100.202509120712/tools/bin/../lib/gcc/arm-none-eabi/13.3.1/../../../../arm-none-eabi/lib/thumb/v7-m/nofp\libc_nano.a(libc_a-lock.o)
 .ARM.attributes
                0x00000719       0x1b O:/ST/STM32CubeIDE_2.0.0/STM32CubeIDE/plugins/com.st.stm32cube.ide.mcu.externaltools.gnu-tools-for-stm32.13.3.rel1.win32_1.0.100.202509120712/tools/bin/../lib/gcc/arm-none-eabi/13.3.1/../../../../arm-none-eabi/lib/thumb/v7-m/nofp\libc_nano.a(libc_a-strcmp.o)
 .ARM.attributes
                0x00000734       0x2d O:/ST/STM32CubeIDE_2.0.0/STM32CubeIDE/plugins/com.st.stm32cube.ide.mcu.externaltools.gnu-tools-for-stm32.13.3.rel1.win32_1.0.100.202509120712/tools/bin/../lib/gcc/arm-none-eabi/13.3.1/../../../../arm-none-eabi/lib/thumb/v7-m/nofp\libc_nano.a(libc_a-freer.o)
 .ARM.attributes
                0x00000761       0x2d O:/ST/STM32CubeIDE_2.0.0/STM32CubeIDE/plugins/com.st.stm32cube.ide.mcu.externaltools.gnu-tools-for-stm32.13.3.rel1.win32_1.0.100.202509120712/tools/bin/../lib/gcc/arm-none-eabi/13.3.1/../../../../arm-none-eabi/lib/thumb/v7-m/nofp\libc_nano.a(libc_a-mallocr.o)
 .ARM.attributes
                0x0000078e       0x2d O:/ST/STM32CubeIDE_2.0.0/STM32CubeIDE/plugins/com.st.stm32cube.ide.mcu.externaltools.gnu-tools-for-stm32.13.3.rel1.win32_1.0.100.202509120712/tools/bin/../lib/gcc/arm-none-eabi/13.3.1/../../../../arm-none-eabi/lib/thumb/v7-m/nofp\libc_nano.a(libc_a-mlock.o)
 .ARM.attributes
                0x000007bb       0x2d O:/ST/STM32CubeIDE_2.0.0/STM32CubeIDE/plugins/com.st.stm32cube.ide.mcu.externaltools.gnu-tools-for-stm32.13.3.rel1.win32_1.0.100.202509120712/tools/bin/../lib/gcc/arm-none-eabi/13.3.1/../../../../arm-none-eabi/lib/thumb/v7-m/nofp\libc_nano.a(libc_a-nano-svfprintf.o)
 .ARM.attributes
                0x000007e8       0x2d O:/ST/STM32CubeIDE_2.0.0/STM32CubeIDE/plugins/com.st.stm32cube.ide.mcu.externaltools.gnu-tools-for-stm32.13.3.rel1.win32_1.0.100.202509120712/tools/bin/../lib/gcc/arm-none-eabi/13.3.1/../../../../arm-none-eabi/lib/thumb/v7-m/nofp\libc_nano.a(libc_a-nano-vfprintf.o)
 .ARM.attributes
                0x00000815       0x2d O:/ST/STM32CubeIDE_2.0.0/STM32CubeIDE/plugins/com.st.stm32cube.ide.mcu.externaltools.gnu-tools-for-stm32.13.3.rel1.win32_1.0.100.202509120712/tools/bin/../lib/gcc/arm-none-eabi/13.3.1/../../../../arm-none-eabi/lib/thumb/v7-m/nofp\libc_nano.a(libc_a-nano-vfprintf_i.o)
 .ARM.attributes
                0x00000842       0x2d O:/ST/STM32CubeIDE_2.0.0/STM32CubeIDE/plugins/com.st.stm32cube.ide.mcu.externaltools.gnu-tools-for-stm32.13.3.rel1.win32_1.0.100.202509120712/tools/bin/../lib/gcc/arm-none-eabi/13.3.1/../../../../arm-none-eabi/lib/thumb/v7-m/nofp\libc_nano.a(libc_a-fflush.o)
 .ARM.attributes
                0x0000086f       0x2d O:/ST/STM32CubeIDE_2.0.0/STM32CubeIDE/plugins/com.st.stm32cube.ide.mcu.externaltools.gnu-tools-for-stm32.13.3.rel1.win32_1.0.100.202509120712/tools/bin/../lib/gcc/arm-none-eabi/13.3.1/../../../../arm-none-eabi/lib/thumb/v7-m/nofp\libc_nano.a(libc_a-makebuf.o)
 .ARM.attributes
                0x0000089c       0x2d O:/ST/STM32CubeIDE_2.0.0/STM32CubeIDE/plugins/com.st.stm32cube.ide.mcu.externaltools.gnu-tools-for-stm32.13.3.rel1.win32_1.0.100.202509120712/tools/bin/../lib/gcc/arm-none-eabi/13.3.1/../../../../arm-none-eabi/lib/thumb/v7-m/nofp\libc_nano.a(libc_a-memmove.o)
 .ARM.attributes
                0x000008c9       0x2d O:/ST/STM32CubeIDE_2.0.0/STM32CubeIDE/plugins/com.st.stm32cube.ide.mcu.externaltools.gnu-tools-for-stm32.13.3.rel1.win32_1.0.100.202509120712/tools/bin/../lib/gcc/arm-none-eabi/13.3.1/../../../../arm-none-eabi/lib/thumb/v7-m/nofp\libc_nano.a(libc_a-fstatr.o)
 .ARM.attributes
                0x000008f6       0x2d O:/ST/STM32CubeIDE_2.0.0/STM32CubeIDE/plugins/com.st.stm32cube.ide.mcu.externaltools.gnu-tools-for-stm32.13.3.rel1.win32_1.0.100.202509120712/tools/bin/../lib/gcc/arm-none-eabi/13.3.1/../../../../arm-none-eabi/lib/thumb/v7-m/nofp\libc_nano.a(libc_a-isattyr.o)
 .ARM.attributes
                0x00000923       0x2d O:/ST/STM32CubeIDE_2.0.0/STM32CubeIDE/plugins/com.st.stm32cube.ide.mcu.externaltools.gnu-tools-for-stm32.13.3.rel1.win32_1.0.100.202509120712/tools/bin/../lib/gcc/arm-none-eabi/13.3.1/../../../../arm-none-eabi/lib/thumb/v7-m/nofp\libc_nano.a(libc_a-sbrkr.o)
 .ARM.attributes
                0x00000950       0x2d O:/ST/STM32CubeIDE_2.0.0/STM32CubeIDE/plugins/com.st.stm32cube.ide.mcu.externaltools.gnu-tools-for-stm32.13.3.rel1.win32_1.0.100.202509120712/tools/bin/../lib/gcc/arm-none-eabi/13.3.1/../../../../arm-none-eabi/lib/thumb/v7-m/nofp\libc_nano.a(libc_a-memchr-stub.o)
 .ARM.attributes
                0x0000097d       0x2d O:/ST/STM32CubeIDE_2.0.0/STM32CubeIDE/plugins/com.st.stm32cube.ide.mcu.externaltools.gnu-tools-for-stm32.13.3.rel1.win32_1.0.100.202509120712/tools/bin/../lib/gcc/arm-none-eabi/13.3.1/../../../../arm-none-eabi/lib/thumb/v7-m/nofp\libc_nano.a(libc_a-memcpy-stub.o)
 .ARM.attributes
                0x000009aa       0x2d O:/ST/STM32CubeIDE_2.0.0/STM32CubeIDE/plugins/com.st.stm32cube.ide.mcu.externaltools.gnu-tools-for-stm32.13.3.rel1.win32_1.0.100.202509120712/tools/bin/../lib/gcc/arm-none-eabi/13.3.1/../../../../arm-none-eabi/lib/thumb/v7-m/nofp\libc_nano.a(libc_a-reallocr.o)
 .ARM.attributes
                0x000009d7       0x2d O:/ST/STM32CubeIDE_2.0.0/STM32CubeIDE/plugins/com.st.stm32cube.ide.mcu.externaltools.gnu-tools-for-stm32.13.3.rel1.win32_1.0.100.202509120712/tools/bin/../lib/gcc/arm-none-eabi/13.3.1/../../../../arm-none-eabi/lib/thumb/v7-m/nofp\libc_nano.a(libc_a-msizer.o)
 .ARM.attributes
                0x00000a04       0x1d O:/ST/STM32CubeIDE_2.0.0/STM32CubeIDE/plugins/com.st.stm32cube.ide.mcu.externaltools.gnu-tools-for-stm32.13.3.rel1.win32_1.0.100.202509120712/tools/bin/../lib/gcc/arm-none-eabi/13.3.1/thumb/v7-m/nofp/crtn.o
OUTPUT(STM32_SD_Test.elf elf32-littlearm)
LOAD linker stubs
LOAD O:/ST/STM32CubeIDE_2.0.0/STM32CubeIDE/plugins/com.st.stm32cube.ide.mcu.externaltools.gnu-tools-for-stm32.13.3.rel1.win32_1.0.100.202509120712/tools/bin/../lib/gcc/arm-none-eabi/13.3.1/../../../../arm-none-eabi/lib/thumb/v7-m/nofp\libc.a
LOAD O:/ST/STM32CubeIDE_2.0.0/STM32CubeIDE/plugins/com.st.stm32cube.ide.mcu.externaltools.gnu-tools-for-stm32.13.3.rel1.win32_1.0.100.202509120712/tools/bin/../lib/gcc/arm-none-eabi/13.3.1/../../../../arm-none-eabi/lib/thumb/v7-m/nofp\libm.a
LOAD O:/ST/STM32CubeIDE_2.0.0/STM32CubeIDE/plugins/com.st.stm32cube.ide.mcu.externaltools.gnu-tools-for-stm32.13.3.rel1.win32_1.0.100.202509120712/tools/bin/../lib/gcc/arm-none-eabi/13.3.1/thumb/v7-m/nofp\libgcc.a

.debug_info     0x00000000     0xdfd3
 .debug_info    0x00000000     0x1152 ./Core/Src/main.o
 .debug_info    0x00001152      0x3c8 ./Core/Src/sd_diskio_spi.o
 .debug_info    0x0000151a      0xdb1 ./Core/Src/sd_functions.o
 .debug_info    0x000022cb      0xb35 ./Core/Src/sd_spi.o
 .debug_info    0x00002e00      0xbcb ./Core/Src/stm32f1xx_hal_msp.o
 .debug_info    0x000039cb      0x376 ./Core/Src/stm32f1xx_it.o
 .debug_info    0x00003d41      0x6a3 ./Core/Src/syscalls.o
 .debug_info    0x000043e4      0x168 ./Core/Src/sysmem.o
 .debug_info    0x0000454c      0x222 ./Core/Src/system_stm32f1xx.o
 .debug_info    0x0000476e       0x30 ./Core/Startup/startup_stm32f103rbtx.o
 .debug_info    0x0000479e      0x704 ./Drivers/STM32F1xx_HAL_Driver/Src/stm32f1xx_hal.o
 .debug_info    0x00004ea2      0xa87 ./Drivers/STM32F1xx_HAL_Driver/Src/stm32f1xx_hal_cortex.o
 .debug_info    0x00005929      0x6d2 ./Drivers/STM32F1xx_HAL_Driver/Src/stm32f1xx_hal_dma.o
 .debug_info    0x00005ffb      0x5ab ./Drivers/STM32F1xx_HAL_Driver/Src/stm32f1xx_hal_gpio.o
 .debug_info    0x000065a6      0x7d5 ./Drivers/STM32F1xx_HAL_Driver/Src/stm32f1xx_hal_rcc.o
 .debug_info    0x00006d7b     0x142d ./Drivers/STM32F1xx_HAL_Driver/Src/stm32f1xx_hal_spi.o
 .debug_info    0x000081a8     0x2eed ./Drivers/STM32F1xx_HAL_Driver/Src/stm32f1xx_hal_uart.o
 .debug_info    0x0000b095      0x3da ./Middlewares/Third_Party/FatFs/src/diskio.o
 .debug_info    0x0000b46f     0x2677 ./Middlewares/Third_Party/FatFs/src/ff.o
 .debug_info    0x0000dae6      0x37a ./Middlewares/Third_Party/FatFs/src/ff_gen_drv.o
 .debug_info    0x0000de60      0x173 ./Middlewares/Third_Party/FatFs/src/option/ccsbcs.o

.debug_abbrev   0x00000000     0x29cc
 .debug_abbrev  0x00000000      0x37d ./Core/Src/main.o
 .debug_abbrev  0x0000037d      0x175 ./Core/Src/sd_diskio_spi.o
 .debug_abbrev  0x000004f2      0x2b8 ./Core/Src/sd_functions.o
 .debug_abbrev  0x000007aa      0x2e3 ./Core/Src/sd_spi.o
 .debug_abbrev  0x00000a8d      0x22c ./Core/Src/stm32f1xx_hal_msp.o
 .debug_abbrev  0x00000cb9      0x170 ./Core/Src/stm32f1xx_it.o
 .debug_abbrev  0x00000e29      0x1b6 ./Core/Src/syscalls.o
 .debug_abbrev  0x00000fdf       0xbc ./Core/Src/sysmem.o
 .debug_abbrev  0x0000109b      0x13f ./Core/Src/system_stm32f1xx.o
 .debug_abbrev  0x000011da       0x24 ./Core/Startup/startup_stm32f103rbtx.o
 .debug_abbrev  0x000011fe      0x201 ./Drivers/STM32F1xx_HAL_Driver/Src/stm32f1xx_hal.o
 .debug_abbrev  0x000013ff      0x2f8 ./Drivers/STM32F1xx_HAL_Driver/Src/stm32f1xx_hal_cortex.o
 .debug_abbrev  0x000016f7      0x20b ./Drivers/STM32F1xx_HAL_Driver/Src/stm32f1xx_hal_dma.o
 .debug_abbrev  0x00001902      0x1ca ./Drivers/STM32F1xx_HAL_Driver/Src/stm32f1xx_hal_gpio.o
 .debug_abbrev  0x00001acc      0x2b3 ./Drivers/STM32F1xx_HAL_Driver/Src/stm32f1xx_hal_rcc.o
 .debug_abbrev  0x00001d7f      0x27a ./Drivers/STM32F1xx_HAL_Driver/Src/stm32f1xx_hal_spi.o
 .debug_abbrev  0x00001ff9      0x2f8 ./Drivers/STM32F1xx_HAL_Driver/Src/stm32f1xx_hal_uart.o
 .debug_abbrev  0x000022f1      0x181 ./Middlewares/Third_Party/FatFs/src/diskio.o
 .debug_abbrev  0x00002472      0x2e6 ./Middlewares/Third_Party/FatFs/src/ff.o
 .debug_abbrev  0x00002758      0x19f ./Middlewares/Third_Party/FatFs/src/ff_gen_drv.o
 .debug_abbrev  0x000028f7       0xd5 ./Middlewares/Third_Party/FatFs/src/option/ccsbcs.o

.debug_aranges  0x00000000      0xd68
 .debug_aranges
                0x00000000       0x70 ./Core/Src/main.o
 .debug_aranges
                0x00000070       0x40 ./Core/Src/sd_diskio_spi.o
 .debug_aranges
                0x000000b0       0x78 ./Core/Src/sd_functions.o
 .debug_aranges
                0x00000128       0x88 ./Core/Src/sd_spi.o
 .debug_aranges
                0x000001b0       0x40 ./Core/Src/stm32f1xx_hal_msp.o
 .debug_aranges
                0x000001f0       0x70 ./Core/Src/stm32f1xx_it.o
 .debug_aranges
                0x00000260       0xa8 ./Core/Src/syscalls.o
 .debug_aranges
                0x00000308       0x20 ./Core/Src/sysmem.o
 .debug_aranges
                0x00000328       0x28 ./Core/Src/system_stm32f1xx.o
 .debug_aranges
                0x00000350       0x28 ./Core/Startup/startup_stm32f103rbtx.o
 .debug_aranges
                0x00000378       0xe0 ./Drivers/STM32F1xx_HAL_Driver/Src/stm32f1xx_hal.o
 .debug_aranges
                0x00000458      0x100 ./Drivers/STM32F1xx_HAL_Driver/Src/stm32f1xx_hal_cortex.o
 .debug_aranges
                0x00000558       0x80 ./Drivers/STM32F1xx_HAL_Driver/Src/stm32f1xx_hal_dma.o
 .debug_aranges
                0x000005d8       0x58 ./Drivers/STM32F1xx_HAL_Driver/Src/stm32f1xx_hal_gpio.o
 .debug_aranges
                0x00000630       0x90 ./Drivers/STM32F1xx_HAL_Driver/Src/stm32f1xx_hal_rcc.o
 .debug_aranges
                0x000006c0      0x1d0 ./Drivers/STM32F1xx_HAL_Driver/Src/stm32f1xx_hal_spi.o
 .debug_aranges
                0x00000890      0x208 ./Drivers/STM32F1xx_HAL_Driver/Src/stm32f1xx_hal_uart.o
 .debug_aranges
                0x00000a98       0x48 ./Middlewares/Third_Party/FatFs/src/diskio.o
 .debug_aranges
                0x00000ae0      0x220 ./Middlewares/Third_Party/FatFs/src/ff.o
 .debug_aranges
                0x00000d00       0x40 ./Middlewares/Third_Party/FatFs/src/ff_gen_drv.o
 .debug_aranges
                0x00000d40       0x28 ./Middlewares/Third_Party/FatFs/src/option/ccsbcs.o

.debug_rnglists
                0x00000000      0xa47
 .debug_rnglists
                0x00000000       0x51 ./Core/Src/main.o
 .debug_rnglists
                0x00000051       0x2b ./Core/Src/sd_diskio_spi.o
 .debug_rnglists
                0x0000007c       0x5b ./Core/Src/sd_functions.o
 .debug_rnglists
                0x000000d7       0x67 ./Core/Src/sd_spi.o
 .debug_rnglists
                0x0000013e       0x2d ./Core/Src/stm32f1xx_hal_msp.o
 .debug_rnglists
                0x0000016b       0x4f ./Core/Src/stm32f1xx_it.o
 .debug_rnglists
                0x000001ba       0x79 ./Core/Src/syscalls.o
 .debug_rnglists
                0x00000233       0x13 ./Core/Src/sysmem.o
 .debug_rnglists
                0x00000246       0x1a ./Core/Src/system_stm32f1xx.o
 .debug_rnglists
                0x00000260       0x19 ./Core/Startup/startup_stm32f103rbtx.o
 .debug_rnglists
                0x00000279       0xa3 ./Drivers/STM32F1xx_HAL_Driver/Src/stm32f1xx_hal.o
 .debug_rnglists
                0x0000031c       0xbb ./Drivers/STM32F1xx_HAL_Driver/Src/stm32f1xx_hal_cortex.o
 .debug_rnglists
                0x000003d7       0x64 ./Drivers/STM32F1xx_HAL_Driver/Src/stm32f1xx_hal_dma.o
 .debug_rnglists
                0x0000043b       0x3f ./Drivers/STM32F1xx_HAL_Driver/Src/stm32f1xx_hal_gpio.o
 .debug_rnglists
                0x0000047a       0x6c ./Drivers/STM32F1xx_HAL_Driver/Src/stm32f1xx_hal_rcc.o
 .debug_rnglists
                0x000004e6      0x16e ./Drivers/STM32F1xx_HAL_Driver/Src/stm32f1xx_hal_spi.o
 .debug_rnglists
                0x00000654      0x1bc ./Drivers/STM32F1xx_HAL_Driver/Src/stm32f1xx_hal_uart.o
 .debug_rnglists
                0x00000810       0x31 ./Middlewares/Third_Party/FatFs/src/diskio.o
 .debug_rnglists
                0x00000841      0x1c1 ./Middlewares/Third_Party/FatFs/src/ff.o
 .debug_rnglists
                0x00000a02       0x2c ./Middlewares/Third_Party/FatFs/src/ff_gen_drv.o
 .debug_rnglists
                0x00000a2e       0x19 ./Middlewares/Third_Party/FatFs/src/option/ccsbcs.o

.debug_macro    0x00000000    0x194f6
 .debug_macro   0x00000000      0x2e2 ./Core/Src/main.o
 .debug_macro   0x000002e2      0xacc ./Core/Src/main.o
 .debug_macro   0x00000dae      0x221 ./Core/Src/main.o
 .debug_macro   0x00000fcf       0x2e ./Core/Src/main.o
 .debug_macro   0x00000ffd       0x22 ./Core/Src/main.o
 .debug_macro   0x0000101f       0x22 ./Core/Src/main.o
 .debug_macro   0x00001041       0x8e ./Core/Src/main.o
 .debug_macro   0x000010cf       0x51 ./Core/Src/main.o
 .debug_macro   0x00001120      0x103 ./Core/Src/main.o
 .debug_macro   0x00001223       0x6a ./Core/Src/main.o
 .debug_macro   0x0000128d      0x1df ./Core/Src/main.o
 .debug_macro   0x0000146c       0x1c ./Core/Src/main.o
 .debug_macro   0x00001488       0x22 ./Core/Src/main.o
 .debug_macro   0x000014aa       0xbd ./Core/Src/main.o
 .debug_macro   0x00001567      0xd23 ./Core/Src/main.o
 .debug_macro   0x0000228a     0xe09e ./Core/Src/main.o
 .debug_macro   0x00010328       0x6d ./Core/Src/main.o
 .debug_macro   0x00010395     0x34a2 ./Core/Src/main.o
 .debug_macro   0x00013837      0x190 ./Core/Src/main.o
 .debug_macro   0x000139c7       0x5c ./Core/Src/main.o
 .debug_macro   0x00013a23      0x5bc ./Core/Src/main.o
 .debug_macro   0x00013fdf      0x289 ./Core/Src/main.o
 .debug_macro   0x00014268      0x1cb ./Core/Src/main.o
 .debug_macro   0x00014433      0x114 ./Core/Src/main.o
 .debug_macro   0x00014547      0x1b2 ./Core/Src/main.o
 .debug_macro   0x000146f9       0x27 ./Core/Src/main.o
 .debug_macro   0x00014720      0x136 ./Core/Src/main.o
 .debug_macro   0x00014856      0x1bc ./Core/Src/main.o
 .debug_macro   0x00014a12       0x34 ./Core/Src/main.o
 .debug_macro   0x00014a46       0x3c ./Core/Src/main.o
 .debug_macro   0x00014a82       0x57 ./Core/Src/main.o
 .debug_macro   0x00014ad9       0x87 ./Core/Src/main.o
 .debug_macro   0x00014b60      0x240 ./Core/Src/main.o
 .debug_macro   0x00014da0      0x140 ./Core/Src/main.o
 .debug_macro   0x00014ee0      0x217 ./Core/Src/main.o
 .debug_macro   0x000150f7      0x28e ./Core/Src/main.o
 .debug_macro   0x00015385       0x83 ./Core/Src/main.o
 .debug_macro   0x00015408      0x118 ./Core/Src/main.o
 .debug_macro   0x00015520       0xde ./Core/Src/main.o
 .debug_macro   0x000155fe       0xf5 ./Core/Src/main.o
 .debug_macro   0x000156f3       0x8e ./Core/Src/main.o
 .debug_macro   0x00015781       0x61 ./Core/Src/main.o
 .debug_macro   0x000157e2       0x24 ./Core/Src/main.o
 .debug_macro   0x00015806       0x43 ./Core/Src/main.o
 .debug_macro   0x00015849       0x34 ./Core/Src/main.o
 .debug_macro   0x0001587d       0x16 ./Core/Src/main.o
 .debug_macro   0x00015893       0x3c ./Core/Src/main.o
 .debug_macro   0x000158cf      0x370 ./Core/Src/main.o
 .debug_macro   0x00015c3f       0x10 ./Core/Src/main.o
 .debug_macro   0x00015c4f       0x16 ./Core/Src/main.o
 .debug_macro   0x00015c65       0x4a ./Core/Src/main.o
 .debug_macro   0x00015caf       0x34 ./Core/Src/main.o
 .debug_macro   0x00015ce3       0x10 ./Core/Src/main.o
 .debug_macro   0x00015cf3       0x58 ./Core/Src/main.o
 .debug_macro   0x00015d4b       0x8e ./Core/Src/main.o
 .debug_macro   0x00015dd9       0x1c ./Core/Src/main.o
 .debug_macro   0x00015df5      0x185 ./Core/Src/main.o
 .debug_macro   0x00015f7a       0x16 ./Core/Src/main.o
 .debug_macro   0x00015f90       0x16 ./Core/Src/main.o
 .debug_macro   0x00015fa6      0x146 ./Core/Src/main.o
 .debug_macro   0x000160ec      0x1fe ./Core/Src/sd_diskio_spi.o
 .debug_macro   0x000162ea       0x16 ./Core/Src/sd_diskio_spi.o
 .debug_macro   0x00016300       0x7c ./Core/Src/sd_diskio_spi.o
 .debug_macro   0x0001637c       0x2e ./Core/Src/sd_diskio_spi.o
 .debug_macro   0x000163aa      0x357 ./Core/Src/sd_functions.o
 .debug_macro   0x00016701       0x16 ./Core/Src/sd_functions.o
 .debug_macro   0x00016717       0x16 ./Core/Src/sd_functions.o
 .debug_macro   0x0001672d       0x29 ./Core/Src/sd_functions.o
 .debug_macro   0x00016756      0x2da ./Core/Src/sd_spi.o
 .debug_macro   0x00016a30       0x10 ./Core/Src/sd_spi.o
 .debug_macro   0x00016a40       0x1c ./Core/Src/sd_spi.o
 .debug_macro   0x00016a5c       0x1c ./Core/Src/sd_spi.o
 .debug_macro   0x00016a78      0x1a7 ./Core/Src/stm32f1xx_hal_msp.o
 .debug_macro   0x00016c1f      0x1b1 ./Core/Src/stm32f1xx_it.o
 .debug_macro   0x00016dd0      0x274 ./Core/Src/syscalls.o
 .debug_macro   0x00017044       0x5b ./Core/Src/syscalls.o
 .debug_macro   0x0001709f       0x94 ./Core/Src/syscalls.o
 .debug_macro   0x00017133       0x57 ./Core/Src/syscalls.o
 .debug_macro   0x0001718a       0x10 ./Core/Src/syscalls.o
 .debug_macro   0x0001719a       0x10 ./Core/Src/syscalls.o
 .debug_macro   0x000171aa       0x10 ./Core/Src/syscalls.o
 .debug_macro   0x000171ba       0x10 ./Core/Src/syscalls.o
 .debug_macro   0x000171ca       0x1c ./Core/Src/syscalls.o
 .debug_macro   0x000171e6       0x52 ./Core/Src/syscalls.o
 .debug_macro   0x00017238       0x22 ./Core/Src/syscalls.o
 .debug_macro   0x0001725a       0x10 ./Core/Src/syscalls.o
 .debug_macro   0x0001726a       0x52 ./Core/Src/syscalls.o
 .debug_macro   0x000172bc       0xcf ./Core/Src/syscalls.o
 .debug_macro   0x0001738b       0x1c ./Core/Src/syscalls.o
 .debug_macro   0x000173a7       0x3d ./Core/Src/syscalls.o
 .debug_macro   0x000173e4       0x35 ./Core/Src/syscalls.o
 .debug_macro   0x00017419      0x12c ./Core/Src/syscalls.o
 .debug_macro   0x00017545       0x10 ./Core/Src/syscalls.o
 .debug_macro   0x00017555      0x242 ./Core/Src/syscalls.o
 .debug_macro   0x00017797       0x10 ./Core/Src/syscalls.o
 .debug_macro   0x000177a7      0x18a ./Core/Src/syscalls.o
 .debug_macro   0x00017931       0x16 ./Core/Src/syscalls.o
 .debug_macro   0x00017947       0xce ./Core/Src/syscalls.o
 .debug_macro   0x00017a15      0x112 ./Core/Src/sysmem.o
 .debug_macro   0x00017b27      0x23c ./Core/Src/sysmem.o
 .debug_macro   0x00017d63      0x198 ./Core/Src/system_stm32f1xx.o
 .debug_macro   0x00017efb      0x1bc ./Drivers/STM32F1xx_HAL_Driver/Src/stm32f1xx_hal.o
 .debug_macro   0x000180b7      0x198 ./Drivers/STM32F1xx_HAL_Driver/Src/stm32f1xx_hal_cortex.o
 .debug_macro   0x0001824f      0x198 ./Drivers/STM32F1xx_HAL_Driver/Src/stm32f1xx_hal_dma.o
 .debug_macro   0x000183e7      0x203 ./Drivers/STM32F1xx_HAL_Driver/Src/stm32f1xx_hal_gpio.o
 .debug_macro   0x000185ea      0x1aa ./Drivers/STM32F1xx_HAL_Driver/Src/stm32f1xx_hal_rcc.o
 .debug_macro   0x00018794      0x1a0 ./Drivers/STM32F1xx_HAL_Driver/Src/stm32f1xx_hal_spi.o
 .debug_macro   0x00018934      0x199 ./Drivers/STM32F1xx_HAL_Driver/Src/stm32f1xx_hal_uart.o
 .debug_macro   0x00018acd      0x1e7 ./Middlewares/Third_Party/FatFs/src/diskio.o
 .debug_macro   0x00018cb4      0x42e ./Middlewares/Third_Party/FatFs/src/ff.o
 .debug_macro   0x000190e2       0x58 ./Middlewares/Third_Party/FatFs/src/ff.o
 .debug_macro   0x0001913a      0x1e7 ./Middlewares/Third_Party/FatFs/src/ff_gen_drv.o
 .debug_macro   0x00019321      0x1d5 ./Middlewares/Third_Party/FatFs/src/option/ccsbcs.o

.debug_line     0x00000000    0x1203d
 .debug_line    0x00000000      0xb83 ./Core/Src/main.o
 .debug_line    0x00000b83      0x839 ./Core/Src/sd_diskio_spi.o
 .debug_line    0x000013bc      0xce7 ./Core/Src/sd_functions.o
 .debug_line    0x000020a3      0xd19 ./Core/Src/sd_spi.o
 .debug_line    0x00002dbc      0x842 ./Core/Src/stm32f1xx_hal_msp.o
 .debug_line    0x000035fe      0x7c5 ./Core/Src/stm32f1xx_it.o
 .debug_line    0x00003dc3      0x8b1 ./Core/Src/syscalls.o
 .debug_line    0x00004674      0x58d ./Core/Src/sysmem.o
 .debug_line    0x00004c01      0x765 ./Core/Src/system_stm32f1xx.o
 .debug_line    0x00005366       0x78 ./Core/Startup/startup_stm32f103rbtx.o
 .debug_line    0x000053de      0x996 ./Drivers/STM32F1xx_HAL_Driver/Src/stm32f1xx_hal.o
 .debug_line    0x00005d74      0xb60 ./Drivers/STM32F1xx_HAL_Driver/Src/stm32f1xx_hal_cortex.o
 .debug_line    0x000068d4      0xda0 ./Drivers/STM32F1xx_HAL_Driver/Src/stm32f1xx_hal_dma.o
 .debug_line    0x00007674      0x9f3 ./Drivers/STM32F1xx_HAL_Driver/Src/stm32f1xx_hal_gpio.o