../Drivers/CMSIS/Include/core_cm3.h:1876:26:ITM_SendChar	16	static,ignoring_inline_asm
../Core/Src/main.c:107:5:_write	32	static
../Core/Src/main.c:114:5:SDMOUNT	24	static
../Core/Src/main.c:137:6:UI_DrawLine	120	static
../Core/Src/main.c:145:6:UI_DrawAll	40	static
../Core/Src/main.c:164:5:main	112	static
../Core/Src/main.c:354:6:SystemClock_Config	72	static
../Core/Src/main.c:394:13:MX_SPI1_Init	8	static
../Core/Src/main.c:432:13:MX_SPI2_Init	8	static
../Core/Src/main.c:470:13:MX_TIM2_Init	32	static
../Core/Src/main.c:515:13:MX_TIM3_Init	32	static
../Core/Src/main.c:560:13:MX_USART1_UART_Init	8	static
../Core/Src/main.c:593:13:MX_USART2_UART_Init	8	static
../Core/Src/main.c:624:13:MX_DMA_Init	16	static
../Core/Src/main.c:648:13:MX_GPIO_Init	40	static
../Core/Src/main.c:747:6:HAL_GPIO_EXTI_Callback	16	static
../Core/Src/main.c:775:6:HAL_SPI_TxCpltCallback	16	static
../Core/Src/main.c:781:6:HAL_TIM_PeriodElapsedCallback	16	static
../Core/Src/main.c:794:6:Error_Handler	4	static,ignoring_inline_asm
