../Drivers/CMSIS/Include/core_cm3.h:1876:26:ITM_SendChar	4
../Core/Src/main.c:107:5:_write	2
../Core/Src/main.c:114:5:SDMOUNT	1
../Core/Src/main.c:137:6:UI_DrawLine	1
../Core/Src/main.c:145:6:UI_DrawAll	1
../Core/Src/main.c:164:5:main	4
../Core/Src/main.c:354:6:SystemClock_Config	3
../Core/Src/main.c:394:13:MX_SPI1_Init	2
../Core/Src/main.c:432:13:MX_SPI2_Init	2
../Core/Src/main.c:470:13:MX_TIM2_Init	4
../Core/Src/main.c:515:13:MX_TIM3_Init	4
../Core/Src/main.c:560:13:MX_USART1_UART_Init	2
../Core/Src/main.c:593:13:MX_USART2_UART_Init	2
../Core/Src/main.c:624:13:MX_DMA_Init	1
../Core/Src/main.c:648:13:MX_GPIO_Init	1
../Core/Src/main.c:747:6:HAL_GPIO_EXTI_Callback	7
../Core/Src/main.c:775:6:HAL_SPI_TxCpltCallback	1
../Core/Src/main.c:781:6:HAL_TIM_PeriodElapsedCallback	2
../Core/Src/main.c:794:6:Error_Handler	1
