../Core/Src/max31856_stm32.c:14:6:max31856_init	16	static
../Core/Src/max31856_stm32.c:30:6:max31856_set_conversion_mode	16	static
../Core/Src/max31856_stm32.c:37:6:max31856_trigger_one_shot	16	static
../Core/Src/max31856_stm32.c:47:6:max31856_set_noise_filter	16	static
../Core/Src/max31856_stm32.c:54:6:max31856_set_cold_junction_enable	16	static
../Core/Src/max31856_stm32.c:61:6:max31856_set_thermocouple_type	16	static
../Core/Src/max31856_stm32.c:68:6:max31856_set_average_samples	16	static
../Core/Src/max31856_stm32.c:75:7:max31856_read_TC_temp	24	static
../Core/Src/max31856_stm32.c:90:7:max31856_read_CJ_temp	24	static
../Core/Src/max31856_stm32.c:98:6:max31856_set_fault_mode	16	static
../Core/Src/max31856_stm32.c:105:6:max31856_set_open_circuit_fault_detection	16	static
../Core/Src/max31856_stm32.c:112:6:max31856_read_fault	16	static
../Core/Src/max31856_stm32.c:117:6:max31856_clear_fault_status	16	static
../Core/Src/max31856_stm32.c:127:6:max31856_write_register	16	static
../Core/Src/max31856_stm32.c:136:6:max31856_write_nregisters	24	static
../Core/Src/max31856_stm32.c:145:9:max31856_read_register	24	static
../Core/Src/max31856_stm32.c:157:6:max31856_read_nregisters	24	static
