../Core/Src/z_displ_ILI9XXX.c:55:6:Displ_Select	8	static
../Core/Src/z_displ_ILI9XXX.c:77:6:Displ_Transmit	32	static
../Core/Src/z_displ_ILI9XXX.c:141:6:Displ_WriteCommand	16	static
../Core/Src/z_displ_ILI9XXX.c:154:6:Displ_WriteData	24	static
../Core/Src/z_displ_ILI9XXX.c:166:6:ILI9XXX_Init	8	static
../Core/Src/z_displ_ILI9XXX.c:257:6:Displ_SetAddressWindow	24	static
../Core/Src/z_displ_ILI9XXX.c:277:6:Displ_Init	16	static
../Core/Src/z_displ_ILI9XXX.c:302:6:Displ_Orientation	16	static
../Core/Src/z_displ_ILI9XXX.c:334:6:HAL_SPI_ErrorCallback	16	static
../Core/Src/z_displ_ILI9XXX.c:350:6:Displ_OnSpiTxComplete	16	static
../Core/Src/z_displ_ILI9XXX.c:365:6:Displ_FillArea	56	static
../Core/Src/z_displ_ILI9XXX.c:455:6:ILI9488_DrawImage	24	static
../Core/Src/z_displ_ILI9XXX.c:466:6:Displ_DrawImage	32	static
../Core/Src/z_displ_ILI9XXX.c:502:6:Displ_Pixel	24	static
../Core/Src/z_displ_ILI9XXX.c:512:6:Displ_drawCircle	40	static
../Core/Src/z_displ_ILI9XXX.c:554:6:Displ_CLS	24	static
../Core/Src/z_displ_ILI9XXX.c:573:6:drawCircleHelper	40	static
../Core/Src/z_displ_ILI9XXX.c:617:6:fillCircleHelper	48	static
../Core/Src/z_displ_ILI9XXX.c:651:6:Displ_fillCircle	32	static
../Core/Src/z_displ_ILI9XXX.c:664:6:Displ_Line	56	static
../Core/Src/z_displ_ILI9XXX.c:748:6:Displ_Border	32	static
../Core/Src/z_displ_ILI9XXX.c:759:6:Displ_drawTriangle	32	static
../Core/Src/z_displ_ILI9XXX.c:772:6:Displ_fillTriangle	80	static
../Core/Src/z_displ_ILI9XXX.c:866:6:Displ_WChar	64	static
../Core/Src/z_displ_ILI9XXX.c:989:6:Displ_drawRoundRect	40	static
../Core/Src/z_displ_ILI9XXX.c:1007:6:Displ_fillRoundRect	40	static
../Core/Src/z_displ_ILI9XXX.c:1031:6:Displ_WString	64	static
../Core/Src/z_displ_ILI9XXX.c:1072:6:Displ_CString	56	static
../Core/Src/z_displ_ILI9XXX.c:1127:11:Displ_BackLight	16	static,ignoring_inline_asm
../Core/Src/z_displ_ILI9XXX.c:1196:5:touchgfxDisplayDriverTransmitActive	4	static
../Core/Src/z_displ_ILI9XXX.c:1210:6:touchgfxDisplayDriverTransmitBlock	32	static
